ARM GAS  C:\Users\rmcgarel\AppData\Local\Temp\ccRpq30u.s 			page 1


   1              		.syntax unified
   2              		.cpu cortex-m3
   3              		.fpu softvfp
   4              		.eabi_attribute 20, 1
   5              		.eabi_attribute 21, 1
   6              		.eabi_attribute 23, 3
   7              		.eabi_attribute 24, 1
   8              		.eabi_attribute 25, 1
   9              		.eabi_attribute 26, 1
  10              		.eabi_attribute 30, 6
  11              		.eabi_attribute 18, 4
  12              		.thumb
  13              		.file	"UART_INT.c"
  14              		.section	.debug_abbrev,"",%progbits
  15              	.Ldebug_abbrev0:
  16              		.section	.debug_info,"",%progbits
  17              	.Ldebug_info0:
  18              		.section	.debug_line,"",%progbits
  19              	.Ldebug_line0:
  20 0000 94000000 		.text
  20      02006100 
  20      00000201 
  20      FB0E0D00 
  20      01010101 
  21              	.Ltext0:
  22              		.cfi_sections	.debug_frame
  23              		.section	.text.UART_RXISR,"ax",%progbits
  24              		.align	2
  25              		.global	UART_RXISR
  26              		.thumb
  27              		.thumb_func
  28              		.type	UART_RXISR, %function
  29              	UART_RXISR:
  30              	.LFB0:
  31              		.file 1 ".\\Generated_Source\\PSoC5\\UART_INT.c"
   1:.\Generated_Source\PSoC5/UART_INT.c **** /*******************************************************************************
   2:.\Generated_Source\PSoC5/UART_INT.c **** * File Name: UART_INT.c
   3:.\Generated_Source\PSoC5/UART_INT.c **** * Version 2.10
   4:.\Generated_Source\PSoC5/UART_INT.c **** *
   5:.\Generated_Source\PSoC5/UART_INT.c **** * Description:
   6:.\Generated_Source\PSoC5/UART_INT.c **** *  This file provides all Interrupt Service functionality of the UART component
   7:.\Generated_Source\PSoC5/UART_INT.c **** *
   8:.\Generated_Source\PSoC5/UART_INT.c **** * Note:
   9:.\Generated_Source\PSoC5/UART_INT.c **** *  Any unusual or non-standard behavior should be noted here. Other-
  10:.\Generated_Source\PSoC5/UART_INT.c **** *  wise, this section should remain blank.
  11:.\Generated_Source\PSoC5/UART_INT.c **** *
  12:.\Generated_Source\PSoC5/UART_INT.c **** *******************************************************************************
  13:.\Generated_Source\PSoC5/UART_INT.c **** * Copyright 2008-2011, Cypress Semiconductor Corporation.  All rights reserved.
  14:.\Generated_Source\PSoC5/UART_INT.c **** * You may use this file only in accordance with the license, terms, conditions,
  15:.\Generated_Source\PSoC5/UART_INT.c **** * disclaimers, and limitations in the end user license agreement accompanying
  16:.\Generated_Source\PSoC5/UART_INT.c **** * the software package with which this file was provided.
  17:.\Generated_Source\PSoC5/UART_INT.c **** ********************************************************************************/
  18:.\Generated_Source\PSoC5/UART_INT.c **** 
  19:.\Generated_Source\PSoC5/UART_INT.c **** #include "UART.h"
  20:.\Generated_Source\PSoC5/UART_INT.c **** #include "CyLib.h"
  21:.\Generated_Source\PSoC5/UART_INT.c **** 
  22:.\Generated_Source\PSoC5/UART_INT.c **** 
ARM GAS  C:\Users\rmcgarel\AppData\Local\Temp\ccRpq30u.s 			page 2


  23:.\Generated_Source\PSoC5/UART_INT.c **** /***************************************
  24:.\Generated_Source\PSoC5/UART_INT.c **** * Custom Declratations
  25:.\Generated_Source\PSoC5/UART_INT.c **** ***************************************/
  26:.\Generated_Source\PSoC5/UART_INT.c **** /* `#START CUSTOM_DECLARATIONS` Place your declaration here */
  27:.\Generated_Source\PSoC5/UART_INT.c **** 
  28:.\Generated_Source\PSoC5/UART_INT.c **** /* `#END` */
  29:.\Generated_Source\PSoC5/UART_INT.c **** 
  30:.\Generated_Source\PSoC5/UART_INT.c **** #if( (UART_RX_ENABLED || UART_HD_ENABLED) && \
  31:.\Generated_Source\PSoC5/UART_INT.c ****      (UART_RXBUFFERSIZE > UART_FIFO_LENGTH))
  32:.\Generated_Source\PSoC5/UART_INT.c **** 
  33:.\Generated_Source\PSoC5/UART_INT.c ****     extern volatile uint8 UART_rxBuffer[];
  34:.\Generated_Source\PSoC5/UART_INT.c ****     extern volatile uint16 UART_rxBufferRead;
  35:.\Generated_Source\PSoC5/UART_INT.c ****     extern volatile uint16 UART_rxBufferWrite;
  36:.\Generated_Source\PSoC5/UART_INT.c ****     extern volatile uint8 UART_rxBufferLoopDetect;
  37:.\Generated_Source\PSoC5/UART_INT.c ****     extern volatile uint8 UART_rxBufferOverflow;
  38:.\Generated_Source\PSoC5/UART_INT.c ****     #if (UART_RXHW_ADDRESS_ENABLED)
  39:.\Generated_Source\PSoC5/UART_INT.c ****         extern volatile uint8 UART_rxAddressMode;
  40:.\Generated_Source\PSoC5/UART_INT.c ****         extern volatile uint8 UART_rxAddressDetected;
  41:.\Generated_Source\PSoC5/UART_INT.c ****     #endif /* End EnableHWAddress */    
  42:.\Generated_Source\PSoC5/UART_INT.c **** 
  43:.\Generated_Source\PSoC5/UART_INT.c ****     /*******************************************************************************
  44:.\Generated_Source\PSoC5/UART_INT.c ****     * Function Name: UART_RXISR
  45:.\Generated_Source\PSoC5/UART_INT.c ****     ********************************************************************************
  46:.\Generated_Source\PSoC5/UART_INT.c ****     *
  47:.\Generated_Source\PSoC5/UART_INT.c ****     * Summary:
  48:.\Generated_Source\PSoC5/UART_INT.c ****     *  Interrupt Service Routine for RX portion of the UART
  49:.\Generated_Source\PSoC5/UART_INT.c ****     *
  50:.\Generated_Source\PSoC5/UART_INT.c ****     * Parameters:
  51:.\Generated_Source\PSoC5/UART_INT.c ****     *  None.
  52:.\Generated_Source\PSoC5/UART_INT.c ****     *
  53:.\Generated_Source\PSoC5/UART_INT.c ****     * Return:
  54:.\Generated_Source\PSoC5/UART_INT.c ****     *  None.
  55:.\Generated_Source\PSoC5/UART_INT.c ****     *
  56:.\Generated_Source\PSoC5/UART_INT.c ****     * Global Variables:
  57:.\Generated_Source\PSoC5/UART_INT.c ****     *  UART_rxBuffer - RAM buffer pointer for save received data.
  58:.\Generated_Source\PSoC5/UART_INT.c ****     *  UART_rxBufferWrite - cyclic index for write to rxBuffer, 
  59:.\Generated_Source\PSoC5/UART_INT.c ****     *     increments after each byte saved to buffer.
  60:.\Generated_Source\PSoC5/UART_INT.c ****     *  UART_rxBufferRead - cyclic index for read from rxBuffer, 
  61:.\Generated_Source\PSoC5/UART_INT.c ****     *     checked to detect overflow condition.
  62:.\Generated_Source\PSoC5/UART_INT.c ****     *  UART_rxBufferOverflow - software overflow flag. Set to one
  63:.\Generated_Source\PSoC5/UART_INT.c ****     *     when UART_rxBufferWrite index overtakes 
  64:.\Generated_Source\PSoC5/UART_INT.c ****     *     UART_rxBufferRead index.
  65:.\Generated_Source\PSoC5/UART_INT.c ****     *  UART_rxBufferLoopDetect - additional variable to detect overflow.
  66:.\Generated_Source\PSoC5/UART_INT.c ****     *     Set to one when UART_rxBufferWrite is equal to 
  67:.\Generated_Source\PSoC5/UART_INT.c ****     *    UART_rxBufferRead
  68:.\Generated_Source\PSoC5/UART_INT.c ****     *  UART_rxAddressMode - this variable contains the Address mode, 
  69:.\Generated_Source\PSoC5/UART_INT.c ****     *     selected in customizer or set by UART_SetRxAddressMode() API.
  70:.\Generated_Source\PSoC5/UART_INT.c ****     *  UART_rxAddressDetected - set to 1 when correct address received,
  71:.\Generated_Source\PSoC5/UART_INT.c ****     *     and analysed to store following addressed data bytes to the buffer.
  72:.\Generated_Source\PSoC5/UART_INT.c ****     *     When not correct address received, set to 0 to skip following data bytes.
  73:.\Generated_Source\PSoC5/UART_INT.c ****     *
  74:.\Generated_Source\PSoC5/UART_INT.c ****     *******************************************************************************/
  75:.\Generated_Source\PSoC5/UART_INT.c ****     CY_ISR(UART_RXISR)
  76:.\Generated_Source\PSoC5/UART_INT.c ****     {
  32              		.loc 1 76 0
  33              		.cfi_startproc
  34              		@ args = 0, pretend = 0, frame = 8
ARM GAS  C:\Users\rmcgarel\AppData\Local\Temp\ccRpq30u.s 			page 3


  35              		@ frame_needed = 1, uses_anonymous_args = 0
  36              		@ link register save eliminated.
  37 0000 80B4     		push	{r7}
  38              	.LCFI0:
  39              		.cfi_def_cfa_offset 4
  40 0002 83B0     		sub	sp, sp, #12
  41              	.LCFI1:
  42              		.cfi_def_cfa_offset 16
  43 0004 00AF     		add	r7, sp, #0
  44              		.cfi_offset 7, -4
  45              	.LCFI2:
  46              		.cfi_def_cfa_register 7
  77:.\Generated_Source\PSoC5/UART_INT.c ****         uint8 readData;
  78:.\Generated_Source\PSoC5/UART_INT.c ****         uint8 increment_pointer = 0;
  47              		.loc 1 78 0
  48 0006 4FF00003 		mov	r3, #0
  49 000a FB71     		strb	r3, [r7, #7]
  79:.\Generated_Source\PSoC5/UART_INT.c **** 
  80:.\Generated_Source\PSoC5/UART_INT.c ****         /* User code required at start of ISR */
  81:.\Generated_Source\PSoC5/UART_INT.c ****         /* `#START UART_RXISR_START` */
  82:.\Generated_Source\PSoC5/UART_INT.c **** 
  83:.\Generated_Source\PSoC5/UART_INT.c ****         /* `#END` */
  84:.\Generated_Source\PSoC5/UART_INT.c **** 
  85:.\Generated_Source\PSoC5/UART_INT.c ****         readData = UART_RXSTATUS_REG;
  50              		.loc 1 85 0
  51 000c 46F26543 		movw	r3, #:lower16:1073767525
  52 0010 C4F20003 		movt	r3, #:upper16:1073767525
  53 0014 1B78     		ldrb	r3, [r3, #0]
  54 0016 BB71     		strb	r3, [r7, #6]
  86:.\Generated_Source\PSoC5/UART_INT.c **** 
  87:.\Generated_Source\PSoC5/UART_INT.c ****         if((readData & (UART_RX_STS_BREAK | UART_RX_STS_PAR_ERROR |
  88:.\Generated_Source\PSoC5/UART_INT.c ****                         UART_RX_STS_STOP_ERROR | UART_RX_STS_OVERRUN)) != 0)
  89:.\Generated_Source\PSoC5/UART_INT.c ****         {
  90:.\Generated_Source\PSoC5/UART_INT.c ****             /* ERROR handling. */
  91:.\Generated_Source\PSoC5/UART_INT.c ****             /* `#START UART_RXISR_ERROR` */
  92:.\Generated_Source\PSoC5/UART_INT.c **** 
  93:.\Generated_Source\PSoC5/UART_INT.c ****             /* `#END` */
  94:.\Generated_Source\PSoC5/UART_INT.c ****         }
  95:.\Generated_Source\PSoC5/UART_INT.c **** 
  96:.\Generated_Source\PSoC5/UART_INT.c ****         while(readData & UART_RX_STS_FIFO_NOTEMPTY)
  55              		.loc 1 96 0
  56 0018 60E0     		b	.L2
  57              	.L6:
  97:.\Generated_Source\PSoC5/UART_INT.c ****         {
  98:.\Generated_Source\PSoC5/UART_INT.c ****             
  99:.\Generated_Source\PSoC5/UART_INT.c ****             #if (UART_RXHW_ADDRESS_ENABLED)
 100:.\Generated_Source\PSoC5/UART_INT.c ****                 if(UART_rxAddressMode == UART__B_UART__AM_SW_DETECT_TO_BUFFER) 
 101:.\Generated_Source\PSoC5/UART_INT.c ****                 {
 102:.\Generated_Source\PSoC5/UART_INT.c ****                     if((readData & UART_RX_STS_MRKSPC) != 0u )
 103:.\Generated_Source\PSoC5/UART_INT.c ****                     {  
 104:.\Generated_Source\PSoC5/UART_INT.c ****                         if ((readData & UART_RX_STS_ADDR_MATCH) != 0)
 105:.\Generated_Source\PSoC5/UART_INT.c ****                         {
 106:.\Generated_Source\PSoC5/UART_INT.c ****                             UART_rxAddressDetected = 1u;
 107:.\Generated_Source\PSoC5/UART_INT.c ****                         }
 108:.\Generated_Source\PSoC5/UART_INT.c ****                         else
 109:.\Generated_Source\PSoC5/UART_INT.c ****                         {
 110:.\Generated_Source\PSoC5/UART_INT.c ****                             UART_rxAddressDetected = 0u;
ARM GAS  C:\Users\rmcgarel\AppData\Local\Temp\ccRpq30u.s 			page 4


 111:.\Generated_Source\PSoC5/UART_INT.c ****                         }
 112:.\Generated_Source\PSoC5/UART_INT.c ****                     }
 113:.\Generated_Source\PSoC5/UART_INT.c **** 
 114:.\Generated_Source\PSoC5/UART_INT.c ****                     readData = UART_RXDATA_REG;
 115:.\Generated_Source\PSoC5/UART_INT.c ****                     if(UART_rxAddressDetected != 0u)
 116:.\Generated_Source\PSoC5/UART_INT.c ****                     {   /* store only addressed data */
 117:.\Generated_Source\PSoC5/UART_INT.c ****                         UART_rxBuffer[UART_rxBufferWrite] = readData;
 118:.\Generated_Source\PSoC5/UART_INT.c ****                         increment_pointer = 1u;
 119:.\Generated_Source\PSoC5/UART_INT.c ****                     }
 120:.\Generated_Source\PSoC5/UART_INT.c ****                 }
 121:.\Generated_Source\PSoC5/UART_INT.c ****                 else /* without software addressing */
 122:.\Generated_Source\PSoC5/UART_INT.c ****                 {
 123:.\Generated_Source\PSoC5/UART_INT.c ****                     UART_rxBuffer[UART_rxBufferWrite] = UART_RXDATA_REG;
 124:.\Generated_Source\PSoC5/UART_INT.c ****                     increment_pointer = 1u;
 125:.\Generated_Source\PSoC5/UART_INT.c ****                 }
 126:.\Generated_Source\PSoC5/UART_INT.c ****             #else  /* without addressing */
 127:.\Generated_Source\PSoC5/UART_INT.c ****                 UART_rxBuffer[UART_rxBufferWrite] = UART_RXDATA_REG;
  58              		.loc 1 127 0
  59 001a 40F20003 		movw	r3, #:lower16:UART_rxBufferWrite
  60 001e C0F20003 		movt	r3, #:upper16:UART_rxBufferWrite
  61 0022 1B88     		ldrh	r3, [r3, #0]	@ movhi
  62 0024 9BB2     		uxth	r3, r3
  63 0026 1A46     		mov	r2, r3
  64 0028 46F24243 		movw	r3, #:lower16:1073767490
  65 002c C4F20003 		movt	r3, #:upper16:1073767490
  66 0030 1B78     		ldrb	r3, [r3, #0]
  67 0032 D9B2     		uxtb	r1, r3
  68 0034 40F20003 		movw	r3, #:lower16:UART_rxBuffer
  69 0038 C0F20003 		movt	r3, #:upper16:UART_rxBuffer
  70 003c 9954     		strb	r1, [r3, r2]
 128:.\Generated_Source\PSoC5/UART_INT.c ****                 increment_pointer = 1u;
  71              		.loc 1 128 0
  72 003e 4FF00103 		mov	r3, #1
  73 0042 FB71     		strb	r3, [r7, #7]
 129:.\Generated_Source\PSoC5/UART_INT.c ****             #endif /* End SW_DETECT_TO_BUFFER */
 130:.\Generated_Source\PSoC5/UART_INT.c ****             
 131:.\Generated_Source\PSoC5/UART_INT.c ****             /* do not increment buffer pointer when skip not adderessed data */
 132:.\Generated_Source\PSoC5/UART_INT.c ****             if( increment_pointer != 0u )
  74              		.loc 1 132 0
  75 0044 FB79     		ldrb	r3, [r7, #7]	@ zero_extendqisi2
  76 0046 002B     		cmp	r3, #0
  77 0048 42D0     		beq	.L3
 133:.\Generated_Source\PSoC5/UART_INT.c ****             {
 134:.\Generated_Source\PSoC5/UART_INT.c ****                 if(UART_rxBufferLoopDetect)
  78              		.loc 1 134 0
  79 004a 40F20003 		movw	r3, #:lower16:UART_rxBufferLoopDetect
  80 004e C0F20003 		movt	r3, #:upper16:UART_rxBufferLoopDetect
  81 0052 1B78     		ldrb	r3, [r3, #0]
  82 0054 DBB2     		uxtb	r3, r3
  83 0056 002B     		cmp	r3, #0
  84 0058 06D0     		beq	.L4
 135:.\Generated_Source\PSoC5/UART_INT.c ****                 {   /* Set Software Buffer status Overflow */
 136:.\Generated_Source\PSoC5/UART_INT.c ****                     UART_rxBufferOverflow = 1u;
  85              		.loc 1 136 0
  86 005a 40F20003 		movw	r3, #:lower16:UART_rxBufferOverflow
  87 005e C0F20003 		movt	r3, #:upper16:UART_rxBufferOverflow
  88 0062 4FF00102 		mov	r2, #1
ARM GAS  C:\Users\rmcgarel\AppData\Local\Temp\ccRpq30u.s 			page 5


  89 0066 1A70     		strb	r2, [r3, #0]
  90              	.L4:
 137:.\Generated_Source\PSoC5/UART_INT.c ****                 }
 138:.\Generated_Source\PSoC5/UART_INT.c ****                 /* Set next pointer. */
 139:.\Generated_Source\PSoC5/UART_INT.c ****                 UART_rxBufferWrite++;
  91              		.loc 1 139 0
  92 0068 40F20003 		movw	r3, #:lower16:UART_rxBufferWrite
  93 006c C0F20003 		movt	r3, #:upper16:UART_rxBufferWrite
  94 0070 1B88     		ldrh	r3, [r3, #0]	@ movhi
  95 0072 9BB2     		uxth	r3, r3
  96 0074 03F10103 		add	r3, r3, #1
  97 0078 9AB2     		uxth	r2, r3
  98 007a 40F20003 		movw	r3, #:lower16:UART_rxBufferWrite
  99 007e C0F20003 		movt	r3, #:upper16:UART_rxBufferWrite
 100 0082 1A80     		strh	r2, [r3, #0]	@ movhi
 140:.\Generated_Source\PSoC5/UART_INT.c **** 
 141:.\Generated_Source\PSoC5/UART_INT.c ****                 /* Check pointer for a loop condition */
 142:.\Generated_Source\PSoC5/UART_INT.c ****                 if(UART_rxBufferWrite >= UART_RXBUFFERSIZE)
 101              		.loc 1 142 0
 102 0084 40F20003 		movw	r3, #:lower16:UART_rxBufferWrite
 103 0088 C0F20003 		movt	r3, #:upper16:UART_rxBufferWrite
 104 008c 1B88     		ldrh	r3, [r3, #0]	@ movhi
 105 008e 9AB2     		uxth	r2, r3
 106 0090 44F6FF23 		movw	r3, #19199
 107 0094 9A42     		cmp	r2, r3
 108 0096 06D9     		bls	.L5
 143:.\Generated_Source\PSoC5/UART_INT.c ****                 {
 144:.\Generated_Source\PSoC5/UART_INT.c ****                     UART_rxBufferWrite = 0u;
 109              		.loc 1 144 0
 110 0098 40F20003 		movw	r3, #:lower16:UART_rxBufferWrite
 111 009c C0F20003 		movt	r3, #:upper16:UART_rxBufferWrite
 112 00a0 4FF00002 		mov	r2, #0
 113 00a4 1A80     		strh	r2, [r3, #0]	@ movhi
 114              	.L5:
 145:.\Generated_Source\PSoC5/UART_INT.c ****                 }
 146:.\Generated_Source\PSoC5/UART_INT.c ****                 /* Detect pre-overload condition and set flag */
 147:.\Generated_Source\PSoC5/UART_INT.c ****                 if(UART_rxBufferWrite == UART_rxBufferRead)
 115              		.loc 1 147 0
 116 00a6 40F20003 		movw	r3, #:lower16:UART_rxBufferWrite
 117 00aa C0F20003 		movt	r3, #:upper16:UART_rxBufferWrite
 118 00ae 1B88     		ldrh	r3, [r3, #0]	@ movhi
 119 00b0 9AB2     		uxth	r2, r3
 120 00b2 40F20003 		movw	r3, #:lower16:UART_rxBufferRead
 121 00b6 C0F20003 		movt	r3, #:upper16:UART_rxBufferRead
 122 00ba 1B88     		ldrh	r3, [r3, #0]	@ movhi
 123 00bc 9BB2     		uxth	r3, r3
 124 00be 9A42     		cmp	r2, r3
 125 00c0 06D1     		bne	.L3
 148:.\Generated_Source\PSoC5/UART_INT.c ****                 {
 149:.\Generated_Source\PSoC5/UART_INT.c ****                     UART_rxBufferLoopDetect = 1u;
 126              		.loc 1 149 0
 127 00c2 40F20003 		movw	r3, #:lower16:UART_rxBufferLoopDetect
 128 00c6 C0F20003 		movt	r3, #:upper16:UART_rxBufferLoopDetect
 129 00ca 4FF00102 		mov	r2, #1
 130 00ce 1A70     		strb	r2, [r3, #0]
 131              	.L3:
 150:.\Generated_Source\PSoC5/UART_INT.c ****                     /* When Hardware Flow Control selected */
ARM GAS  C:\Users\rmcgarel\AppData\Local\Temp\ccRpq30u.s 			page 6


 151:.\Generated_Source\PSoC5/UART_INT.c ****                     #if(UART_FLOW_CONTROL != 0u)
 152:.\Generated_Source\PSoC5/UART_INT.c ****                     /* Disable RX interrupt mask, it will be enabled when user read data from the b
 153:.\Generated_Source\PSoC5/UART_INT.c ****                         UART_RXSTATUS_MASK_REG  &= ~UART_RX_STS_FIFO_NOTEMPTY;
 154:.\Generated_Source\PSoC5/UART_INT.c ****                         CyIntClearPending(UART_RX_VECT_NUM); 
 155:.\Generated_Source\PSoC5/UART_INT.c ****                         break; /* Break the reading of the FIFO loop, leave the data there for gene
 156:.\Generated_Source\PSoC5/UART_INT.c ****                     #endif /* End UART_FLOW_CONTROL != 0 */    
 157:.\Generated_Source\PSoC5/UART_INT.c ****                 }
 158:.\Generated_Source\PSoC5/UART_INT.c ****             }
 159:.\Generated_Source\PSoC5/UART_INT.c **** 
 160:.\Generated_Source\PSoC5/UART_INT.c ****             /* Check again if there is data. */
 161:.\Generated_Source\PSoC5/UART_INT.c ****             readData = UART_RXSTATUS_REG;
 132              		.loc 1 161 0
 133 00d0 46F26543 		movw	r3, #:lower16:1073767525
 134 00d4 C4F20003 		movt	r3, #:upper16:1073767525
 135 00d8 1B78     		ldrb	r3, [r3, #0]
 136 00da BB71     		strb	r3, [r7, #6]
 137              	.L2:
 138              		.loc 1 96 0
 139 00dc BB79     		ldrb	r3, [r7, #6]	@ zero_extendqisi2
 140 00de 03F02003 		and	r3, r3, #32
 141 00e2 002B     		cmp	r3, #0
 142 00e4 99D1     		bne	.L6
 162:.\Generated_Source\PSoC5/UART_INT.c ****         }
 163:.\Generated_Source\PSoC5/UART_INT.c **** 
 164:.\Generated_Source\PSoC5/UART_INT.c ****         /* User code required at end of ISR (Optional) */
 165:.\Generated_Source\PSoC5/UART_INT.c ****         /* `#START UART_RXISR_END` */
 166:.\Generated_Source\PSoC5/UART_INT.c **** 
 167:.\Generated_Source\PSoC5/UART_INT.c ****         /* `#END` */
 168:.\Generated_Source\PSoC5/UART_INT.c **** 
 169:.\Generated_Source\PSoC5/UART_INT.c ****         /* PSoC3 ES1, ES2 RTC ISR PATCH  */
 170:.\Generated_Source\PSoC5/UART_INT.c ****         #if(CY_PSOC3_ES2 && (UART_RXInternalInterrupt__ES2_PATCH))
 171:.\Generated_Source\PSoC5/UART_INT.c ****             UART_ISR_PATCH();
 172:.\Generated_Source\PSoC5/UART_INT.c ****         #endif /* End CY_PSOC3_ES2*/
 173:.\Generated_Source\PSoC5/UART_INT.c ****     }
 143              		.loc 1 173 0
 144 00e6 07F10C07 		add	r7, r7, #12
 145 00ea BD46     		mov	sp, r7
 146 00ec 80BC     		pop	{r7}
 147 00ee 7047     		bx	lr
 148              		.cfi_endproc
 149              	.LFE0:
 150              		.size	UART_RXISR, .-UART_RXISR
 151              		.text
 152              	.Letext0:
 153              		.section	.debug_loc,"",%progbits
 154              	.Ldebug_loc0:
 155              	.LLST0:
 156 0000 00000000 		.4byte	.LFB0
 157 0004 02000000 		.4byte	.LCFI0
 158 0008 0100     		.2byte	0x1
 159 000a 5D       		.byte	0x5d
 160 000b 02000000 		.4byte	.LCFI0
 161 000f 04000000 		.4byte	.LCFI1
 162 0013 0200     		.2byte	0x2
 163 0015 7D       		.byte	0x7d
 164 0016 04       		.sleb128 4
 165 0017 04000000 		.4byte	.LCFI1
ARM GAS  C:\Users\rmcgarel\AppData\Local\Temp\ccRpq30u.s 			page 7


 166 001b 06000000 		.4byte	.LCFI2
 167 001f 0200     		.2byte	0x2
 168 0021 7D       		.byte	0x7d
 169 0022 10       		.sleb128 16
 170 0023 06000000 		.4byte	.LCFI2
 171 0027 F0000000 		.4byte	.LFE0
 172 002b 0200     		.2byte	0x2
 173 002d 77       		.byte	0x77
 174 002e 10       		.sleb128 16
 175 002f 00000000 		.4byte	0x0
 176 0033 00000000 		.4byte	0x0
 177              		.file 2 ".\\Generated_Source\\PSoC5\\/cytypes.h"
 178              		.section	.debug_info
 179 0000 2B010000 		.4byte	0x12b
 180 0004 0200     		.2byte	0x2
 181 0006 00000000 		.4byte	.Ldebug_abbrev0
 182 000a 04       		.byte	0x4
 183 000b 01       		.uleb128 0x1
 184 000c AF000000 		.4byte	.LASF21
 185 0010 01       		.byte	0x1
 186 0011 80000000 		.4byte	.LASF22
 187 0015 27010000 		.4byte	.LASF23
 188 0019 00000000 		.4byte	0x0
 189 001d 00000000 		.4byte	0x0
 190 0021 00000000 		.4byte	.Ldebug_ranges0+0x0
 191 0025 00000000 		.4byte	.Ldebug_line0
 192 0029 02       		.uleb128 0x2
 193 002a 01       		.byte	0x1
 194 002b 06       		.byte	0x6
 195 002c F1000000 		.4byte	.LASF0
 196 0030 02       		.uleb128 0x2
 197 0031 01       		.byte	0x1
 198 0032 08       		.byte	0x8
 199 0033 BB000000 		.4byte	.LASF1
 200 0037 02       		.uleb128 0x2
 201 0038 02       		.byte	0x2
 202 0039 05       		.byte	0x5
 203 003a 60010000 		.4byte	.LASF2
 204 003e 02       		.uleb128 0x2
 205 003f 02       		.byte	0x2
 206 0040 07       		.byte	0x7
 207 0041 DE000000 		.4byte	.LASF3
 208 0045 02       		.uleb128 0x2
 209 0046 04       		.byte	0x4
 210 0047 05       		.byte	0x5
 211 0048 CE000000 		.4byte	.LASF4
 212 004c 02       		.uleb128 0x2
 213 004d 04       		.byte	0x4
 214 004e 07       		.byte	0x7
 215 004f 57000000 		.4byte	.LASF5
 216 0053 02       		.uleb128 0x2
 217 0054 08       		.byte	0x8
 218 0055 05       		.byte	0x5
 219 0056 00000000 		.4byte	.LASF6
 220 005a 02       		.uleb128 0x2
 221 005b 08       		.byte	0x8
 222 005c 07       		.byte	0x7
ARM GAS  C:\Users\rmcgarel\AppData\Local\Temp\ccRpq30u.s 			page 8


 223 005d 69000000 		.4byte	.LASF7
 224 0061 03       		.uleb128 0x3
 225 0062 04       		.byte	0x4
 226 0063 05       		.byte	0x5
 227 0064 696E7400 		.ascii	"int\000"
 228 0068 02       		.uleb128 0x2
 229 0069 04       		.byte	0x4
 230 006a 07       		.byte	0x7
 231 006b 0E000000 		.4byte	.LASF8
 232 006f 04       		.uleb128 0x4
 233 0070 51000000 		.4byte	.LASF9
 234 0074 02       		.byte	0x2
 235 0075 4C       		.byte	0x4c
 236 0076 30000000 		.4byte	0x30
 237 007a 04       		.uleb128 0x4
 238 007b 6A010000 		.4byte	.LASF10
 239 007f 02       		.byte	0x2
 240 0080 4D       		.byte	0x4d
 241 0081 3E000000 		.4byte	0x3e
 242 0085 02       		.uleb128 0x2
 243 0086 04       		.byte	0x4
 244 0087 04       		.byte	0x4
 245 0088 5A010000 		.4byte	.LASF11
 246 008c 02       		.uleb128 0x2
 247 008d 08       		.byte	0x8
 248 008e 04       		.byte	0x4
 249 008f D7000000 		.4byte	.LASF12
 250 0093 02       		.uleb128 0x2
 251 0094 01       		.byte	0x1
 252 0095 08       		.byte	0x8
 253 0096 C9000000 		.4byte	.LASF13
 254 009a 05       		.uleb128 0x5
 255 009b 6F000000 		.4byte	0x6f
 256 009f 05       		.uleb128 0x5
 257 00a0 7A000000 		.4byte	0x7a
 258 00a4 06       		.uleb128 0x6
 259 00a5 04       		.byte	0x4
 260 00a6 07       		.byte	0x7
 261 00a7 07       		.uleb128 0x7
 262 00a8 01       		.byte	0x1
 263 00a9 A4000000 		.4byte	.LASF24
 264 00ad 01       		.byte	0x1
 265 00ae 4B       		.byte	0x4b
 266 00af 01       		.byte	0x1
 267 00b0 00000000 		.4byte	.LFB0
 268 00b4 F0000000 		.4byte	.LFE0
 269 00b8 00000000 		.4byte	.LLST0
 270 00bc DD000000 		.4byte	0xdd
 271 00c0 08       		.uleb128 0x8
 272 00c1 84010000 		.4byte	.LASF14
 273 00c5 01       		.byte	0x1
 274 00c6 4D       		.byte	0x4d
 275 00c7 6F000000 		.4byte	0x6f
 276 00cb 02       		.byte	0x2
 277 00cc 91       		.byte	0x91
 278 00cd 76       		.sleb128 -10
 279 00ce 08       		.uleb128 0x8
ARM GAS  C:\Users\rmcgarel\AppData\Local\Temp\ccRpq30u.s 			page 9


 280 00cf 1B000000 		.4byte	.LASF15
 281 00d3 01       		.byte	0x1
 282 00d4 4E       		.byte	0x4e
 283 00d5 6F000000 		.4byte	0x6f
 284 00d9 02       		.byte	0x2
 285 00da 91       		.byte	0x91
 286 00db 77       		.sleb128 -9
 287 00dc 00       		.byte	0x0
 288 00dd 09       		.uleb128 0x9
 289 00de 6F000000 		.4byte	0x6f
 290 00e2 E8000000 		.4byte	0xe8
 291 00e6 0A       		.uleb128 0xa
 292 00e7 00       		.byte	0x0
 293 00e8 0B       		.uleb128 0xb
 294 00e9 43000000 		.4byte	.LASF16
 295 00ed 01       		.byte	0x1
 296 00ee 21       		.byte	0x21
 297 00ef F5000000 		.4byte	0xf5
 298 00f3 01       		.byte	0x1
 299 00f4 01       		.byte	0x1
 300 00f5 05       		.uleb128 0x5
 301 00f6 DD000000 		.4byte	0xdd
 302 00fa 0B       		.uleb128 0xb
 303 00fb 15010000 		.4byte	.LASF17
 304 00ff 01       		.byte	0x1
 305 0100 22       		.byte	0x22
 306 0101 9F000000 		.4byte	0x9f
 307 0105 01       		.byte	0x1
 308 0106 01       		.byte	0x1
 309 0107 0B       		.uleb128 0xb
 310 0108 71010000 		.4byte	.LASF18
 311 010c 01       		.byte	0x1
 312 010d 23       		.byte	0x23
 313 010e 9F000000 		.4byte	0x9f
 314 0112 01       		.byte	0x1
 315 0113 01       		.byte	0x1
 316 0114 0B       		.uleb128 0xb
 317 0115 FD000000 		.4byte	.LASF19
 318 0119 01       		.byte	0x1
 319 011a 24       		.byte	0x24
 320 011b 9A000000 		.4byte	0x9a
 321 011f 01       		.byte	0x1
 322 0120 01       		.byte	0x1
 323 0121 0B       		.uleb128 0xb
 324 0122 2D000000 		.4byte	.LASF20
 325 0126 01       		.byte	0x1
 326 0127 25       		.byte	0x25
 327 0128 9A000000 		.4byte	0x9a
 328 012c 01       		.byte	0x1
 329 012d 01       		.byte	0x1
 330 012e 00       		.byte	0x0
 331              		.section	.debug_abbrev
 332 0000 01       		.uleb128 0x1
 333 0001 11       		.uleb128 0x11
 334 0002 01       		.byte	0x1
 335 0003 25       		.uleb128 0x25
 336 0004 0E       		.uleb128 0xe
ARM GAS  C:\Users\rmcgarel\AppData\Local\Temp\ccRpq30u.s 			page 10


 337 0005 13       		.uleb128 0x13
 338 0006 0B       		.uleb128 0xb
 339 0007 03       		.uleb128 0x3
 340 0008 0E       		.uleb128 0xe
 341 0009 1B       		.uleb128 0x1b
 342 000a 0E       		.uleb128 0xe
 343 000b 11       		.uleb128 0x11
 344 000c 01       		.uleb128 0x1
 345 000d 52       		.uleb128 0x52
 346 000e 01       		.uleb128 0x1
 347 000f 55       		.uleb128 0x55
 348 0010 06       		.uleb128 0x6
 349 0011 10       		.uleb128 0x10
 350 0012 06       		.uleb128 0x6
 351 0013 00       		.byte	0x0
 352 0014 00       		.byte	0x0
 353 0015 02       		.uleb128 0x2
 354 0016 24       		.uleb128 0x24
 355 0017 00       		.byte	0x0
 356 0018 0B       		.uleb128 0xb
 357 0019 0B       		.uleb128 0xb
 358 001a 3E       		.uleb128 0x3e
 359 001b 0B       		.uleb128 0xb
 360 001c 03       		.uleb128 0x3
 361 001d 0E       		.uleb128 0xe
 362 001e 00       		.byte	0x0
 363 001f 00       		.byte	0x0
 364 0020 03       		.uleb128 0x3
 365 0021 24       		.uleb128 0x24
 366 0022 00       		.byte	0x0
 367 0023 0B       		.uleb128 0xb
 368 0024 0B       		.uleb128 0xb
 369 0025 3E       		.uleb128 0x3e
 370 0026 0B       		.uleb128 0xb
 371 0027 03       		.uleb128 0x3
 372 0028 08       		.uleb128 0x8
 373 0029 00       		.byte	0x0
 374 002a 00       		.byte	0x0
 375 002b 04       		.uleb128 0x4
 376 002c 16       		.uleb128 0x16
 377 002d 00       		.byte	0x0
 378 002e 03       		.uleb128 0x3
 379 002f 0E       		.uleb128 0xe
 380 0030 3A       		.uleb128 0x3a
 381 0031 0B       		.uleb128 0xb
 382 0032 3B       		.uleb128 0x3b
 383 0033 0B       		.uleb128 0xb
 384 0034 49       		.uleb128 0x49
 385 0035 13       		.uleb128 0x13
 386 0036 00       		.byte	0x0
 387 0037 00       		.byte	0x0
 388 0038 05       		.uleb128 0x5
 389 0039 35       		.uleb128 0x35
 390 003a 00       		.byte	0x0
 391 003b 49       		.uleb128 0x49
 392 003c 13       		.uleb128 0x13
 393 003d 00       		.byte	0x0
ARM GAS  C:\Users\rmcgarel\AppData\Local\Temp\ccRpq30u.s 			page 11


 394 003e 00       		.byte	0x0
 395 003f 06       		.uleb128 0x6
 396 0040 24       		.uleb128 0x24
 397 0041 00       		.byte	0x0
 398 0042 0B       		.uleb128 0xb
 399 0043 0B       		.uleb128 0xb
 400 0044 3E       		.uleb128 0x3e
 401 0045 0B       		.uleb128 0xb
 402 0046 00       		.byte	0x0
 403 0047 00       		.byte	0x0
 404 0048 07       		.uleb128 0x7
 405 0049 2E       		.uleb128 0x2e
 406 004a 01       		.byte	0x1
 407 004b 3F       		.uleb128 0x3f
 408 004c 0C       		.uleb128 0xc
 409 004d 03       		.uleb128 0x3
 410 004e 0E       		.uleb128 0xe
 411 004f 3A       		.uleb128 0x3a
 412 0050 0B       		.uleb128 0xb
 413 0051 3B       		.uleb128 0x3b
 414 0052 0B       		.uleb128 0xb
 415 0053 27       		.uleb128 0x27
 416 0054 0C       		.uleb128 0xc
 417 0055 11       		.uleb128 0x11
 418 0056 01       		.uleb128 0x1
 419 0057 12       		.uleb128 0x12
 420 0058 01       		.uleb128 0x1
 421 0059 40       		.uleb128 0x40
 422 005a 06       		.uleb128 0x6
 423 005b 01       		.uleb128 0x1
 424 005c 13       		.uleb128 0x13
 425 005d 00       		.byte	0x0
 426 005e 00       		.byte	0x0
 427 005f 08       		.uleb128 0x8
 428 0060 34       		.uleb128 0x34
 429 0061 00       		.byte	0x0
 430 0062 03       		.uleb128 0x3
 431 0063 0E       		.uleb128 0xe
 432 0064 3A       		.uleb128 0x3a
 433 0065 0B       		.uleb128 0xb
 434 0066 3B       		.uleb128 0x3b
 435 0067 0B       		.uleb128 0xb
 436 0068 49       		.uleb128 0x49
 437 0069 13       		.uleb128 0x13
 438 006a 02       		.uleb128 0x2
 439 006b 0A       		.uleb128 0xa
 440 006c 00       		.byte	0x0
 441 006d 00       		.byte	0x0
 442 006e 09       		.uleb128 0x9
 443 006f 01       		.uleb128 0x1
 444 0070 01       		.byte	0x1
 445 0071 49       		.uleb128 0x49
 446 0072 13       		.uleb128 0x13
 447 0073 01       		.uleb128 0x1
 448 0074 13       		.uleb128 0x13
 449 0075 00       		.byte	0x0
 450 0076 00       		.byte	0x0
ARM GAS  C:\Users\rmcgarel\AppData\Local\Temp\ccRpq30u.s 			page 12


 451 0077 0A       		.uleb128 0xa
 452 0078 21       		.uleb128 0x21
 453 0079 00       		.byte	0x0
 454 007a 00       		.byte	0x0
 455 007b 00       		.byte	0x0
 456 007c 0B       		.uleb128 0xb
 457 007d 34       		.uleb128 0x34
 458 007e 00       		.byte	0x0
 459 007f 03       		.uleb128 0x3
 460 0080 0E       		.uleb128 0xe
 461 0081 3A       		.uleb128 0x3a
 462 0082 0B       		.uleb128 0xb
 463 0083 3B       		.uleb128 0x3b
 464 0084 0B       		.uleb128 0xb
 465 0085 49       		.uleb128 0x49
 466 0086 13       		.uleb128 0x13
 467 0087 3F       		.uleb128 0x3f
 468 0088 0C       		.uleb128 0xc
 469 0089 3C       		.uleb128 0x3c
 470 008a 0C       		.uleb128 0xc
 471 008b 00       		.byte	0x0
 472 008c 00       		.byte	0x0
 473 008d 00       		.byte	0x0
 474              		.section	.debug_pubnames,"",%progbits
 475 0000 1D000000 		.4byte	0x1d
 476 0004 0200     		.2byte	0x2
 477 0006 00000000 		.4byte	.Ldebug_info0
 478 000a 2F010000 		.4byte	0x12f
 479 000e A7000000 		.4byte	0xa7
 480 0012 55415254 		.ascii	"UART_RXISR\000"
 480      5F525849 
 480      535200
 481 001d 00000000 		.4byte	0x0
 482              		.section	.debug_aranges,"",%progbits
 483 0000 1C000000 		.4byte	0x1c
 484 0004 0200     		.2byte	0x2
 485 0006 00000000 		.4byte	.Ldebug_info0
 486 000a 04       		.byte	0x4
 487 000b 00       		.byte	0x0
 488 000c 0000     		.2byte	0x0
 489 000e 0000     		.2byte	0x0
 490 0010 00000000 		.4byte	.LFB0
 491 0014 F0000000 		.4byte	.LFE0-.LFB0
 492 0018 00000000 		.4byte	0x0
 493 001c 00000000 		.4byte	0x0
 494              		.section	.debug_ranges,"",%progbits
 495              	.Ldebug_ranges0:
 496 0000 00000000 		.4byte	.Ltext0
 497 0004 00000000 		.4byte	.Letext0
 498 0008 00000000 		.4byte	.LFB0
 499 000c F0000000 		.4byte	.LFE0
 500 0010 00000000 		.4byte	0x0
 501 0014 00000000 		.4byte	0x0
 502              		.section	.debug_str,"MS",%progbits,1
 503              	.LASF6:
 504 0000 6C6F6E67 		.ascii	"long long int\000"
 504      206C6F6E 
ARM GAS  C:\Users\rmcgarel\AppData\Local\Temp\ccRpq30u.s 			page 13


 504      6720696E 
 504      7400
 505              	.LASF8:
 506 000e 756E7369 		.ascii	"unsigned int\000"
 506      676E6564 
 506      20696E74 
 506      00
 507              	.LASF15:
 508 001b 696E6372 		.ascii	"increment_pointer\000"
 508      656D656E 
 508      745F706F 
 508      696E7465 
 508      7200
 509              	.LASF20:
 510 002d 55415254 		.ascii	"UART_rxBufferOverflow\000"
 510      5F727842 
 510      75666665 
 510      724F7665 
 510      72666C6F 
 511              	.LASF16:
 512 0043 55415254 		.ascii	"UART_rxBuffer\000"
 512      5F727842 
 512      75666665 
 512      7200
 513              	.LASF9:
 514 0051 75696E74 		.ascii	"uint8\000"
 514      3800
 515              	.LASF5:
 516 0057 6C6F6E67 		.ascii	"long unsigned int\000"
 516      20756E73 
 516      69676E65 
 516      6420696E 
 516      7400
 517              	.LASF7:
 518 0069 6C6F6E67 		.ascii	"long long unsigned int\000"
 518      206C6F6E 
 518      6720756E 
 518      7369676E 
 518      65642069 
 519              	.LASF22:
 520 0080 2E5C4765 		.ascii	".\\Generated_Source\\PSoC5\\UART_INT.c\000"
 520      6E657261 
 520      7465645F 
 520      536F7572 
 520      63655C50 
 521              	.LASF24:
 522 00a4 55415254 		.ascii	"UART_RXISR\000"
 522      5F525849 
 522      535200
 523              	.LASF21:
 524 00af 474E5520 		.ascii	"GNU C 4.4.1\000"
 524      4320342E 
 524      342E3100 
 525              	.LASF1:
 526 00bb 756E7369 		.ascii	"unsigned char\000"
 526      676E6564 
 526      20636861 
ARM GAS  C:\Users\rmcgarel\AppData\Local\Temp\ccRpq30u.s 			page 14


 526      7200
 527              	.LASF13:
 528 00c9 63686172 		.ascii	"char\000"
 528      00
 529              	.LASF4:
 530 00ce 6C6F6E67 		.ascii	"long int\000"
 530      20696E74 
 530      00
 531              	.LASF12:
 532 00d7 646F7562 		.ascii	"double\000"
 532      6C6500
 533              	.LASF3:
 534 00de 73686F72 		.ascii	"short unsigned int\000"
 534      7420756E 
 534      7369676E 
 534      65642069 
 534      6E7400
 535              	.LASF0:
 536 00f1 7369676E 		.ascii	"signed char\000"
 536      65642063 
 536      68617200 
 537              	.LASF19:
 538 00fd 55415254 		.ascii	"UART_rxBufferLoopDetect\000"
 538      5F727842 
 538      75666665 
 538      724C6F6F 
 538      70446574 
 539              	.LASF17:
 540 0115 55415254 		.ascii	"UART_rxBufferRead\000"
 540      5F727842 
 540      75666665 
 540      72526561 
 540      6400
 541              	.LASF23:
 542 0127 433A5C47 		.ascii	"C:\\Group4_Spring2013\\Final Project\\UART\\UART.cy"
 542      726F7570 
 542      345F5370 
 542      72696E67 
 542      32303133 
 543 0156 64736E00 		.ascii	"dsn\000"
 544              	.LASF11:
 545 015a 666C6F61 		.ascii	"float\000"
 545      7400
 546              	.LASF2:
 547 0160 73686F72 		.ascii	"short int\000"
 547      7420696E 
 547      7400
 548              	.LASF10:
 549 016a 75696E74 		.ascii	"uint16\000"
 549      313600
 550              	.LASF18:
 551 0171 55415254 		.ascii	"UART_rxBufferWrite\000"
 551      5F727842 
 551      75666665 
 551      72577269 
 551      746500
 552              	.LASF14:
ARM GAS  C:\Users\rmcgarel\AppData\Local\Temp\ccRpq30u.s 			page 15


 553 0184 72656164 		.ascii	"readData\000"
 553      44617461 
 553      00
 554              		.ident	"GCC: (Sourcery G++ Lite 2010q1-188) 4.4.1"
