Archive member included because of file (symbol)

.\CortexM3\ARM_GCC_441\Debug\UART.a(UART.o)
                              .\CortexM3\ARM_GCC_441\Debug\main.o (UART_Start)
.\CortexM3\ARM_GCC_441\Debug\UART.a(UART_INT.o)
                              .\CortexM3\ARM_GCC_441\Debug\UART.a(UART.o) (UART_RXISR)
.\CortexM3\ARM_GCC_441\Debug\UART.a(LCD_Char_1.o)
                              .\CortexM3\ARM_GCC_441\Debug\main.o (LCD_Char_1_WriteControl)
.\CortexM3\ARM_GCC_441\Debug\UART.a(CyBootAsmGnu.o)
                              .\CortexM3\ARM_GCC_441\Debug\UART.a(UART.o) (CyEnterCriticalSection)
.\CortexM3\ARM_GCC_441\Debug\UART.a(CyLib.o)
                              .\CortexM3\ARM_GCC_441\Debug\Cm3Start.o (CyResetStatus)
.\CortexM3\ARM_GCC_441\Debug\UART.a(cyPm.o)
                              .\CortexM3\ARM_GCC_441\Debug\UART.a(CyLib.o) (CyPmReadStatus)
.\CortexM3\ARM_GCC_441\Debug\UART.a(cyfitter_cfg.o)
                              .\CortexM3\ARM_GCC_441\Debug\Cm3Start.o (cyfitter_cfg)
.\CortexM3\ARM_GCC_441\Debug\UART.a(CyFlash.o)
                              .\CortexM3\ARM_GCC_441\Debug\UART.a(cyPm.o) (CyFlash_SetWaitCycles)
.\CortexM3\ARM_GCC_441\Debug\UART.a(CySpc.o)
                              .\CortexM3\ARM_GCC_441\Debug\UART.a(CyFlash.o) (CySpcStart)
c:/program files (x86)/cypress/psoc creator/2.2/psoc creator/import/gnu_cs/arm/4.4.1/bin/../lib/gcc/arm-none-eabi/4.4.1/../../../../arm-none-eabi/lib/thumb2\libc.a(lib_a-memcpy.o)
                              .\CortexM3\ARM_GCC_441\Debug\UART.a(cyPm.o) (memcpy)
c:/program files (x86)/cypress/psoc creator/2.2/psoc creator/import/gnu_cs/arm/4.4.1/bin/../lib/gcc/arm-none-eabi/4.4.1/../../../../arm-none-eabi/lib/thumb2\libc.a(lib_a-memset.o)
                              .\CortexM3\ARM_GCC_441\Debug\UART.a(cyPm.o) (memset)
c:/program files (x86)/cypress/psoc creator/2.2/psoc creator/import/gnu_cs/arm/4.4.1/bin/../lib/gcc/arm-none-eabi/4.4.1/../../../../arm-none-eabi/lib/thumb2\libcs3.a(start_c.o)
                              (__cs3_start_c)
c:/program files (x86)/cypress/psoc creator/2.2/psoc creator/import/gnu_cs/arm/4.4.1/bin/../lib/gcc/arm-none-eabi/4.4.1/../../../../arm-none-eabi/lib/thumb2\libcs3micro.a(micro-vector.o)
                              (__cs3_interrupt_vector_micro)
c:/program files (x86)/cypress/psoc creator/2.2/psoc creator/import/gnu_cs/arm/4.4.1/bin/../lib/gcc/arm-none-eabi/4.4.1/../../../../arm-none-eabi/lib/thumb2\libcs3micro.a(micro_isr_interrupt.o)
                              (__cs3_isr_nmi)
c:/program files (x86)/cypress/psoc creator/2.2/psoc creator/import/gnu_cs/arm/4.4.1/bin/../lib/gcc/arm-none-eabi/4.4.1/../../../../arm-none-eabi/lib/thumb2\libc.a(lib_a-init.o)
                              c:/program files (x86)/cypress/psoc creator/2.2/psoc creator/import/gnu_cs/arm/4.4.1/bin/../lib/gcc/arm-none-eabi/4.4.1/../../../../arm-none-eabi/lib/thumb2\libcs3.a(start_c.o) (__libc_init_array)

Allocating common symbols
Common symbol       size              file

UART_rxBuffer       0x4b00            .\CortexM3\ARM_GCC_441\Debug\UART.a(UART.o)
averages            0x100             .\CortexM3\ARM_GCC_441\Debug\main.o
CyResetStatus       0x1               .\CortexM3\ARM_GCC_441\Debug\UART.a(CyLib.o)
dieTemperature      0x2               .\CortexM3\ARM_GCC_441\Debug\UART.a(CyFlash.o)

Discarded input sections

 .text          0x00000000        0x0 c:/program files (x86)/cypress/psoc creator/2.2/psoc creator/import/gnu_cs/arm/4.4.1/bin/../lib/gcc/arm-none-eabi/4.4.1/thumb2/crti.o
 .data          0x00000000        0x0 c:/program files (x86)/cypress/psoc creator/2.2/psoc creator/import/gnu_cs/arm/4.4.1/bin/../lib/gcc/arm-none-eabi/4.4.1/thumb2/crti.o
 .bss           0x00000000        0x0 c:/program files (x86)/cypress/psoc creator/2.2/psoc creator/import/gnu_cs/arm/4.4.1/bin/../lib/gcc/arm-none-eabi/4.4.1/thumb2/crti.o
 .data          0x00000000        0x4 c:/program files (x86)/cypress/psoc creator/2.2/psoc creator/import/gnu_cs/arm/4.4.1/bin/../lib/gcc/arm-none-eabi/4.4.1/thumb2/crtbegin.o
 .text          0x00000000        0x0 .\CortexM3\ARM_GCC_441\Debug\main.o
 .data          0x00000000        0x0 .\CortexM3\ARM_GCC_441\Debug\main.o
 .bss           0x00000000        0x0 .\CortexM3\ARM_GCC_441\Debug\main.o
 .text          0x00000000        0x0 .\CortexM3\ARM_GCC_441\Debug\Cm3Start.o
 .data          0x00000000        0x0 .\CortexM3\ARM_GCC_441\Debug\Cm3Start.o
 .bss           0x00000000        0x0 .\CortexM3\ARM_GCC_441\Debug\Cm3Start.o
 .text.IntDefaultHandler
                0x00000000        0x8 .\CortexM3\ARM_GCC_441\Debug\Cm3Start.o
 .text          0x00000000        0x0 .\CortexM3\ARM_GCC_441\Debug\UART.a(UART.o)
 .data          0x00000000        0x0 .\CortexM3\ARM_GCC_441\Debug\UART.a(UART.o)
 .text.UART_Stop
                0x00000000       0x8c .\CortexM3\ARM_GCC_441\Debug\UART.a(UART.o)
 .text.UART_ReadControlRegister
                0x00000000       0x10 .\CortexM3\ARM_GCC_441\Debug\UART.a(UART.o)
 .text.UART_WriteControlRegister
                0x00000000       0x14 .\CortexM3\ARM_GCC_441\Debug\UART.a(UART.o)
 .text.UART_SetRxInterruptMode
                0x00000000       0x20 .\CortexM3\ARM_GCC_441\Debug\UART.a(UART.o)
 .text.UART_ReadRxData
                0x00000000       0xd0 .\CortexM3\ARM_GCC_441\Debug\UART.a(UART.o)
 .text.UART_GetByte
                0x00000000       0x24 .\CortexM3\ARM_GCC_441\Debug\UART.a(UART.o)
 .text.UART_GetRxBufferSize
                0x00000000       0xb8 .\CortexM3\ARM_GCC_441\Debug\UART.a(UART.o)
 .text.UART_SetRxAddressMode
                0x00000000       0x14 .\CortexM3\ARM_GCC_441\Debug\UART.a(UART.o)
 .text.UART_SetRxAddress1
                0x00000000       0x20 .\CortexM3\ARM_GCC_441\Debug\UART.a(UART.o)
 .text.UART_SetRxAddress2
                0x00000000       0x20 .\CortexM3\ARM_GCC_441\Debug\UART.a(UART.o)
 .text.UART_SetTxInterruptMode
                0x00000000       0x20 .\CortexM3\ARM_GCC_441\Debug\UART.a(UART.o)
 .text.UART_WriteTxData
                0x00000000       0x30 .\CortexM3\ARM_GCC_441\Debug\UART.a(UART.o)
 .text.UART_PutString
                0x00000000       0x3c .\CortexM3\ARM_GCC_441\Debug\UART.a(UART.o)
 .text.UART_PutCRLF
                0x00000000       0x38 .\CortexM3\ARM_GCC_441\Debug\UART.a(UART.o)
 .text.UART_GetTxBufferSize
                0x00000000       0x4c .\CortexM3\ARM_GCC_441\Debug\UART.a(UART.o)
 .text.UART_SendBreak
                0x00000000       0xc0 .\CortexM3\ARM_GCC_441\Debug\UART.a(UART.o)
 .text.UART_SetTxAddressMode
                0x00000000       0x3c .\CortexM3\ARM_GCC_441\Debug\UART.a(UART.o)
 .text          0x00000000        0x0 .\CortexM3\ARM_GCC_441\Debug\UART.a(UART_INT.o)
 .data          0x00000000        0x0 .\CortexM3\ARM_GCC_441\Debug\UART.a(UART_INT.o)
 .bss           0x00000000        0x0 .\CortexM3\ARM_GCC_441\Debug\UART.a(UART_INT.o)
 .text          0x00000000        0x0 .\CortexM3\ARM_GCC_441\Debug\UART.a(LCD_Char_1.o)
 .data          0x00000000        0x0 .\CortexM3\ARM_GCC_441\Debug\UART.a(LCD_Char_1.o)
 .rodata        0x00000000       0x10 .\CortexM3\ARM_GCC_441\Debug\UART.a(LCD_Char_1.o)
 .text.LCD_Char_1_Stop
                0x00000000       0x1c .\CortexM3\ARM_GCC_441\Debug\UART.a(LCD_Char_1.o)
 .text.LCD_Char_1_PrintHexUint8
                0x00000000       0x44 .\CortexM3\ARM_GCC_441\Debug\UART.a(LCD_Char_1.o)
 .text.LCD_Char_1_PrintHexUint16
                0x00000000       0x2c .\CortexM3\ARM_GCC_441\Debug\UART.a(LCD_Char_1.o)
 .data          0x00000000        0x0 .\CortexM3\ARM_GCC_441\Debug\UART.a(CyBootAsmGnu.o)
 .bss           0x00000000        0x0 .\CortexM3\ARM_GCC_441\Debug\UART.a(CyBootAsmGnu.o)
 .text          0x00000000        0x0 .\CortexM3\ARM_GCC_441\Debug\UART.a(CyLib.o)
 .bss           0x00000000        0x0 .\CortexM3\ARM_GCC_441\Debug\UART.a(CyLib.o)
 .text.CyPLL_OUT_Start
                0x00000000       0xdc .\CortexM3\ARM_GCC_441\Debug\UART.a(CyLib.o)
 .text.CyPLL_OUT_Stop
                0x00000000       0x24 .\CortexM3\ARM_GCC_441\Debug\UART.a(CyLib.o)
 .text.CyPLL_OUT_SetPQ
                0x00000000       0xac .\CortexM3\ARM_GCC_441\Debug\UART.a(CyLib.o)
 .text.CyPLL_OUT_SetSource
                0x00000000       0x64 .\CortexM3\ARM_GCC_441\Debug\UART.a(CyLib.o)
 .text.CyIMO_Start
                0x00000000       0xd0 .\CortexM3\ARM_GCC_441\Debug\UART.a(CyLib.o)
 .text.CyIMO_Stop
                0x00000000       0x24 .\CortexM3\ARM_GCC_441\Debug\UART.a(CyLib.o)
 .text.CyUSB_PowerOnCheck
                0x00000000       0x74 .\CortexM3\ARM_GCC_441\Debug\UART.a(CyLib.o)
 .text.CyIMO_SetTrimValue
                0x00000000      0x12c .\CortexM3\ARM_GCC_441\Debug\UART.a(CyLib.o)
 .text.CyIMO_SetFreq
                0x00000000      0x1b4 .\CortexM3\ARM_GCC_441\Debug\UART.a(CyLib.o)
 .text.CyIMO_SetSource
                0x00000000       0xb8 .\CortexM3\ARM_GCC_441\Debug\UART.a(CyLib.o)
 .text.CyIMO_EnableDoubler
                0x00000000       0x28 .\CortexM3\ARM_GCC_441\Debug\UART.a(CyLib.o)
 .text.CyIMO_DisableDoubler
                0x00000000       0x24 .\CortexM3\ARM_GCC_441\Debug\UART.a(CyLib.o)
 .text.CyMasterClk_SetSource
                0x00000000       0x70 .\CortexM3\ARM_GCC_441\Debug\UART.a(CyLib.o)
 .text.CyMasterClk_SetDivider
                0x00000000       0x20 .\CortexM3\ARM_GCC_441\Debug\UART.a(CyLib.o)
 .text.CyBusClk_Internal_SetDivider
                0x00000000       0x9c .\CortexM3\ARM_GCC_441\Debug\UART.a(CyLib.o)
 .text.CyBusClk_SetDivider
                0x00000000       0xcc .\CortexM3\ARM_GCC_441\Debug\UART.a(CyLib.o)
 .text.CyUsbClk_SetSource
                0x00000000       0x3c .\CortexM3\ARM_GCC_441\Debug\UART.a(CyLib.o)
 .text.CyILO_Start1K
                0x00000000       0x28 .\CortexM3\ARM_GCC_441\Debug\UART.a(CyLib.o)
 .text.CyILO_Stop1K
                0x00000000       0x24 .\CortexM3\ARM_GCC_441\Debug\UART.a(CyLib.o)
 .text.CyILO_Start100K
                0x00000000       0x28 .\CortexM3\ARM_GCC_441\Debug\UART.a(CyLib.o)
 .text.CyILO_Stop100K
                0x00000000       0x24 .\CortexM3\ARM_GCC_441\Debug\UART.a(CyLib.o)
 .text.CyILO_Enable33K
                0x00000000       0x28 .\CortexM3\ARM_GCC_441\Debug\UART.a(CyLib.o)
 .text.CyILO_Disable33K
                0x00000000       0x24 .\CortexM3\ARM_GCC_441\Debug\UART.a(CyLib.o)
 .text.CyILO_SetSource
                0x00000000       0x44 .\CortexM3\ARM_GCC_441\Debug\UART.a(CyLib.o)
 .text.CyILO_SetPowerMode
                0x00000000       0x58 .\CortexM3\ARM_GCC_441\Debug\UART.a(CyLib.o)
 .text.CyXTAL_32KHZ_Start
                0x00000000       0xa4 .\CortexM3\ARM_GCC_441\Debug\UART.a(CyLib.o)
 .text.CyXTAL_32KHZ_Stop
                0x00000000       0x60 .\CortexM3\ARM_GCC_441\Debug\UART.a(CyLib.o)
 .text.CyXTAL_32KHZ_ReadStatus
                0x00000000       0x1c .\CortexM3\ARM_GCC_441\Debug\UART.a(CyLib.o)
 .text.CyXTAL_32KHZ_SetPowerMode
                0x00000000       0xf8 .\CortexM3\ARM_GCC_441\Debug\UART.a(CyLib.o)
 .text.CyXTAL_Start
                0x00000000       0xe4 .\CortexM3\ARM_GCC_441\Debug\UART.a(CyLib.o)
 .text.CyXTAL_Stop
                0x00000000       0x24 .\CortexM3\ARM_GCC_441\Debug\UART.a(CyLib.o)
 .text.CyXTAL_SetStartup
                0x00000000       0x3c .\CortexM3\ARM_GCC_441\Debug\UART.a(CyLib.o)
 .text.CyDelayFreq
                0x00000000       0xac .\CortexM3\ARM_GCC_441\Debug\UART.a(CyLib.o)
 .text.CyWdtStart
                0x00000000       0x98 .\CortexM3\ARM_GCC_441\Debug\UART.a(CyLib.o)
 .text.CyWdtClear
                0x00000000       0x44 .\CortexM3\ARM_GCC_441\Debug\UART.a(CyLib.o)
 .text.CyVdLvDigitEnable
                0x00000000       0x94 .\CortexM3\ARM_GCC_441\Debug\UART.a(CyLib.o)
 .text.CyVdLvAnalogEnable
                0x00000000       0x98 .\CortexM3\ARM_GCC_441\Debug\UART.a(CyLib.o)
 .text.CyVdLvDigitDisable
                0x00000000       0x38 .\CortexM3\ARM_GCC_441\Debug\UART.a(CyLib.o)
 .text.CyVdLvAnalogDisable
                0x00000000       0x38 .\CortexM3\ARM_GCC_441\Debug\UART.a(CyLib.o)
 .text.CyVdHvAnalogEnable
                0x00000000       0x60 .\CortexM3\ARM_GCC_441\Debug\UART.a(CyLib.o)
 .text.CyVdHvAnalogDisable
                0x00000000       0x24 .\CortexM3\ARM_GCC_441\Debug\UART.a(CyLib.o)
 .text.CyVdStickyStatus
                0x00000000       0x48 .\CortexM3\ARM_GCC_441\Debug\UART.a(CyLib.o)
 .text.CyVdRealTimeStatus
                0x00000000       0x30 .\CortexM3\ARM_GCC_441\Debug\UART.a(CyLib.o)
 .text.CyDisableInts
                0x00000000       0x3c .\CortexM3\ARM_GCC_441\Debug\UART.a(CyLib.o)
 .text.CyEnableInts
                0x00000000       0x2c .\CortexM3\ARM_GCC_441\Debug\UART.a(CyLib.o)
 .text.CyFlushCache
                0x00000000       0x7c .\CortexM3\ARM_GCC_441\Debug\UART.a(CyLib.o)
 .text.CyIntSetSysVector
                0x00000000       0x58 .\CortexM3\ARM_GCC_441\Debug\UART.a(CyLib.o)
 .text.CyIntGetSysVector
                0x00000000       0x40 .\CortexM3\ARM_GCC_441\Debug\UART.a(CyLib.o)
 .text.CyIntGetVector
                0x00000000       0x44 .\CortexM3\ARM_GCC_441\Debug\UART.a(CyLib.o)
 .text.CyIntGetPriority
                0x00000000       0x3c .\CortexM3\ARM_GCC_441\Debug\UART.a(CyLib.o)
 .text.CyIntGetState
                0x00000000       0x40 .\CortexM3\ARM_GCC_441\Debug\UART.a(CyLib.o)
 .text          0x00000000        0x0 .\CortexM3\ARM_GCC_441\Debug\UART.a(cyPm.o)
 .data          0x00000000        0x0 .\CortexM3\ARM_GCC_441\Debug\UART.a(cyPm.o)
 .bss           0x00000000       0xbc .\CortexM3\ARM_GCC_441\Debug\UART.a(cyPm.o)
 .rodata        0x00000000       0x10 .\CortexM3\ARM_GCC_441\Debug\UART.a(cyPm.o)
 .text.CyPmSaveClocks
                0x00000000      0x350 .\CortexM3\ARM_GCC_441\Debug\UART.a(cyPm.o)
 .text.CyPmRestoreClocks
                0x00000000      0x3bc .\CortexM3\ARM_GCC_441\Debug\UART.a(cyPm.o)
 .text.CyPmAltAct
                0x00000000       0x64 .\CortexM3\ARM_GCC_441\Debug\UART.a(cyPm.o)
 .text.CyPmSleep
                0x00000000      0x130 .\CortexM3\ARM_GCC_441\Debug\UART.a(cyPm.o)
 .text.CyPmHibernate
                0x00000000      0x10c .\CortexM3\ARM_GCC_441\Debug\UART.a(cyPm.o)
 .text.CyPmReadStatus
                0x00000000       0x7c .\CortexM3\ARM_GCC_441\Debug\UART.a(cyPm.o)
 .text.CyPmHibSaveSet
                0x00000000       0x60 .\CortexM3\ARM_GCC_441\Debug\UART.a(cyPm.o)
 .text.CyPmHibRestore
                0x00000000       0x38 .\CortexM3\ARM_GCC_441\Debug\UART.a(cyPm.o)
 .text.CyPmCtwSetInterval
                0x00000000       0xd8 .\CortexM3\ARM_GCC_441\Debug\UART.a(cyPm.o)
 .text.CyPmOppsSet
                0x00000000       0x54 .\CortexM3\ARM_GCC_441\Debug\UART.a(cyPm.o)
 .text.CyPmFtwSetInterval
                0x00000000       0xdc .\CortexM3\ARM_GCC_441\Debug\UART.a(cyPm.o)
 .text.CyPmSavePicuInterrupts
                0x00000000       0x4c .\CortexM3\ARM_GCC_441\Debug\UART.a(cyPm.o)
 .text.CyPmDisablePicuInterrupts
                0x00000000       0x44 .\CortexM3\ARM_GCC_441\Debug\UART.a(cyPm.o)
 .text.CyPmRestorePicuInterrupts
                0x00000000       0x4c .\CortexM3\ARM_GCC_441\Debug\UART.a(cyPm.o)
 .text.CyPmSlpSaveSet
                0x00000000      0x130 .\CortexM3\ARM_GCC_441\Debug\UART.a(cyPm.o)
 .text.CyPmSlpRestore
                0x00000000       0xa4 .\CortexM3\ARM_GCC_441\Debug\UART.a(cyPm.o)
 .text.CyPmHibSlpSaveSet
                0x00000000      0xbd8 .\CortexM3\ARM_GCC_441\Debug\UART.a(cyPm.o)
 .text.CyPmHibSlpRestore
                0x00000000      0x6f0 .\CortexM3\ARM_GCC_441\Debug\UART.a(cyPm.o)
 .text.CyPmHviLviSaveDisable
                0x00000000      0x114 .\CortexM3\ARM_GCC_441\Debug\UART.a(cyPm.o)
 .text.CyPmHviLviRestore
                0x00000000       0x7c .\CortexM3\ARM_GCC_441\Debug\UART.a(cyPm.o)
 .text          0x00000000        0x0 .\CortexM3\ARM_GCC_441\Debug\UART.a(cyfitter_cfg.o)
 .data          0x00000000        0x0 .\CortexM3\ARM_GCC_441\Debug\UART.a(cyfitter_cfg.o)
 .bss           0x00000000        0x0 .\CortexM3\ARM_GCC_441\Debug\UART.a(cyfitter_cfg.o)
 .text.CYCONFIGCPYCODE8
                0x00000000       0x20 .\CortexM3\ARM_GCC_441\Debug\UART.a(cyfitter_cfg.o)
 .text.CYCONFIGCPYCODE
                0x00000000       0x20 .\CortexM3\ARM_GCC_441\Debug\UART.a(cyfitter_cfg.o)
 .text.SetAnalogRoutingPumps
                0x00000000       0x44 .\CortexM3\ARM_GCC_441\Debug\UART.a(cyfitter_cfg.o)
 .text.ADC_DelSig_AMux_Set
                0x00000000       0x4c .\CortexM3\ARM_GCC_441\Debug\UART.a(cyfitter_cfg.o)
 .text.ADC_DelSig_AMux_Unset
                0x00000000       0x54 .\CortexM3\ARM_GCC_441\Debug\UART.a(cyfitter_cfg.o)
 .text          0x00000000        0x0 .\CortexM3\ARM_GCC_441\Debug\UART.a(CyFlash.o)
 .data          0x00000000        0x0 .\CortexM3\ARM_GCC_441\Debug\UART.a(CyFlash.o)
 .bss           0x00000000        0x4 .\CortexM3\ARM_GCC_441\Debug\UART.a(CyFlash.o)
 .text.CyFlash_Start
                0x00000000       0x50 .\CortexM3\ARM_GCC_441\Debug\UART.a(CyFlash.o)
 .text.CyFlash_Stop
                0x00000000       0x40 .\CortexM3\ARM_GCC_441\Debug\UART.a(CyFlash.o)
 .text.CySetTempInt
                0x00000000       0x98 .\CortexM3\ARM_GCC_441\Debug\UART.a(CyFlash.o)
 .text.CySetTemp
                0x00000000       0x28 .\CortexM3\ARM_GCC_441\Debug\UART.a(CyFlash.o)
 .text.CySetFlashEEBuffer
                0x00000000       0x50 .\CortexM3\ARM_GCC_441\Debug\UART.a(CyFlash.o)
 .text.CyWriteRowData
                0x00000000       0xac .\CortexM3\ARM_GCC_441\Debug\UART.a(CyFlash.o)
 .text.CyWriteRowFull
                0x00000000      0x124 .\CortexM3\ARM_GCC_441\Debug\UART.a(CyFlash.o)
 .text.CyFlash_SetWaitCycles
                0x00000000       0xc4 .\CortexM3\ARM_GCC_441\Debug\UART.a(CyFlash.o)
 .text.CyEEPROM_ReadReserve
                0x00000000       0x3c .\CortexM3\ARM_GCC_441\Debug\UART.a(CyFlash.o)
 .text.CyEEPROM_ReadRelease
                0x00000000       0x20 .\CortexM3\ARM_GCC_441\Debug\UART.a(CyFlash.o)
 COMMON         0x00000000        0x2 .\CortexM3\ARM_GCC_441\Debug\UART.a(CyFlash.o)
 .text          0x00000000        0x0 .\CortexM3\ARM_GCC_441\Debug\UART.a(CySpc.o)
 .data          0x00000000        0x0 .\CortexM3\ARM_GCC_441\Debug\UART.a(CySpc.o)
 .bss           0x00000000        0x1 .\CortexM3\ARM_GCC_441\Debug\UART.a(CySpc.o)
 .text.CySpcStart
                0x00000000       0x58 .\CortexM3\ARM_GCC_441\Debug\UART.a(CySpc.o)
 .text.CySpcStop
                0x00000000       0x54 .\CortexM3\ARM_GCC_441\Debug\UART.a(CySpc.o)
 .text.CySpcReadData
                0x00000000       0x64 .\CortexM3\ARM_GCC_441\Debug\UART.a(CySpc.o)
 .text.CySpcLoadMultiByte
                0x00000000      0x118 .\CortexM3\ARM_GCC_441\Debug\UART.a(CySpc.o)
 .text.CySpcLoadRow
                0x00000000       0xbc .\CortexM3\ARM_GCC_441\Debug\UART.a(CySpc.o)
 .text.CySpcWriteRow
                0x00000000       0xcc .\CortexM3\ARM_GCC_441\Debug\UART.a(CySpc.o)
 .text.CySpcEraseSector
                0x00000000       0x9c .\CortexM3\ARM_GCC_441\Debug\UART.a(CySpc.o)
 .text.CySpcGetTemp
                0x00000000       0xc4 .\CortexM3\ARM_GCC_441\Debug\UART.a(CySpc.o)
 .text.CySpcLock
                0x00000000       0x4c .\CortexM3\ARM_GCC_441\Debug\UART.a(CySpc.o)
 .text.CySpcUnlock
                0x00000000       0x2c .\CortexM3\ARM_GCC_441\Debug\UART.a(CySpc.o)
 .data          0x00000000        0x0 c:/program files (x86)/cypress/psoc creator/2.2/psoc creator/import/gnu_cs/arm/4.4.1/bin/../lib/gcc/arm-none-eabi/4.4.1/../../../../arm-none-eabi/lib/thumb2\libc.a(lib_a-memcpy.o)
 .bss           0x00000000        0x0 c:/program files (x86)/cypress/psoc creator/2.2/psoc creator/import/gnu_cs/arm/4.4.1/bin/../lib/gcc/arm-none-eabi/4.4.1/../../../../arm-none-eabi/lib/thumb2\libc.a(lib_a-memcpy.o)
 .data          0x00000000        0x0 c:/program files (x86)/cypress/psoc creator/2.2/psoc creator/import/gnu_cs/arm/4.4.1/bin/../lib/gcc/arm-none-eabi/4.4.1/../../../../arm-none-eabi/lib/thumb2\libc.a(lib_a-memset.o)
 .bss           0x00000000        0x0 c:/program files (x86)/cypress/psoc creator/2.2/psoc creator/import/gnu_cs/arm/4.4.1/bin/../lib/gcc/arm-none-eabi/4.4.1/../../../../arm-none-eabi/lib/thumb2\libc.a(lib_a-memset.o)
 .text          0x00000000        0x0 c:/program files (x86)/cypress/psoc creator/2.2/psoc creator/import/gnu_cs/arm/4.4.1/bin/../lib/gcc/arm-none-eabi/4.4.1/thumb2/crtend.o
 .data          0x00000000        0x0 c:/program files (x86)/cypress/psoc creator/2.2/psoc creator/import/gnu_cs/arm/4.4.1/bin/../lib/gcc/arm-none-eabi/4.4.1/thumb2/crtend.o
 .bss           0x00000000        0x0 c:/program files (x86)/cypress/psoc creator/2.2/psoc creator/import/gnu_cs/arm/4.4.1/bin/../lib/gcc/arm-none-eabi/4.4.1/thumb2/crtend.o
 .text          0x00000000        0x0 c:/program files (x86)/cypress/psoc creator/2.2/psoc creator/import/gnu_cs/arm/4.4.1/bin/../lib/gcc/arm-none-eabi/4.4.1/thumb2/crtn.o
 .data          0x00000000        0x0 c:/program files (x86)/cypress/psoc creator/2.2/psoc creator/import/gnu_cs/arm/4.4.1/bin/../lib/gcc/arm-none-eabi/4.4.1/thumb2/crtn.o
 .bss           0x00000000        0x0 c:/program files (x86)/cypress/psoc creator/2.2/psoc creator/import/gnu_cs/arm/4.4.1/bin/../lib/gcc/arm-none-eabi/4.4.1/thumb2/crtn.o
 .data          0x00000000        0x0 c:/program files (x86)/cypress/psoc creator/2.2/psoc creator/import/gnu_cs/arm/4.4.1/bin/../lib/gcc/arm-none-eabi/4.4.1/../../../../arm-none-eabi/lib/thumb2\libcs3.a(start_c.o)
 .bss           0x00000000        0x0 c:/program files (x86)/cypress/psoc creator/2.2/psoc creator/import/gnu_cs/arm/4.4.1/bin/../lib/gcc/arm-none-eabi/4.4.1/../../../../arm-none-eabi/lib/thumb2\libcs3.a(start_c.o)
 .text          0x00000000        0x0 c:/program files (x86)/cypress/psoc creator/2.2/psoc creator/import/gnu_cs/arm/4.4.1/bin/../lib/gcc/arm-none-eabi/4.4.1/../../../../arm-none-eabi/lib/thumb2\libcs3micro.a(micro-vector.o)
 .data          0x00000000        0x0 c:/program files (x86)/cypress/psoc creator/2.2/psoc creator/import/gnu_cs/arm/4.4.1/bin/../lib/gcc/arm-none-eabi/4.4.1/../../../../arm-none-eabi/lib/thumb2\libcs3micro.a(micro-vector.o)
 .bss           0x00000000        0x0 c:/program files (x86)/cypress/psoc creator/2.2/psoc creator/import/gnu_cs/arm/4.4.1/bin/../lib/gcc/arm-none-eabi/4.4.1/../../../../arm-none-eabi/lib/thumb2\libcs3micro.a(micro-vector.o)
 .data          0x00000000        0x0 c:/program files (x86)/cypress/psoc creator/2.2/psoc creator/import/gnu_cs/arm/4.4.1/bin/../lib/gcc/arm-none-eabi/4.4.1/../../../../arm-none-eabi/lib/thumb2\libcs3micro.a(micro_isr_interrupt.o)
 .bss           0x00000000        0x0 c:/program files (x86)/cypress/psoc creator/2.2/psoc creator/import/gnu_cs/arm/4.4.1/bin/../lib/gcc/arm-none-eabi/4.4.1/../../../../arm-none-eabi/lib/thumb2\libcs3micro.a(micro_isr_interrupt.o)
 .data          0x00000000        0x0 c:/program files (x86)/cypress/psoc creator/2.2/psoc creator/import/gnu_cs/arm/4.4.1/bin/../lib/gcc/arm-none-eabi/4.4.1/../../../../arm-none-eabi/lib/thumb2\libc.a(lib_a-init.o)
 .bss           0x00000000        0x0 c:/program files (x86)/cypress/psoc creator/2.2/psoc creator/import/gnu_cs/arm/4.4.1/bin/../lib/gcc/arm-none-eabi/4.4.1/../../../../arm-none-eabi/lib/thumb2\libc.a(lib_a-init.o)

Memory Configuration

Name             Origin             Length             Attributes
rom              0x00000000         0x00040000         xr
ram              0x1fff8000         0x0000b000         xrw
*default*        0x00000000         0xffffffff

Linker script and memory map

LOAD c:/program files (x86)/cypress/psoc creator/2.2/psoc creator/import/gnu_cs/arm/4.4.1/bin/../lib/gcc/arm-none-eabi/4.4.1/thumb2/crti.o
LOAD c:/program files (x86)/cypress/psoc creator/2.2/psoc creator/import/gnu_cs/arm/4.4.1/bin/../lib/gcc/arm-none-eabi/4.4.1/thumb2/crtbegin.o
START GROUP
LOAD .\CortexM3\ARM_GCC_441\Debug\main.o
LOAD .\CortexM3\ARM_GCC_441\Debug\Cm3Start.o
LOAD .\CortexM3\ARM_GCC_441\Debug\UART.a
LOAD C:\Program Files (x86)\Cypress\PSoC Creator\2.2\PSoC Creator\psoc\content\cycomponentlibrary\CyComponentLibrary.cylib\CortexM3\ARM_GCC_441\Debug\CyComponentLibrary.a
END GROUP
START GROUP
LOAD c:/program files (x86)/cypress/psoc creator/2.2/psoc creator/import/gnu_cs/arm/4.4.1/bin/../lib/gcc/arm-none-eabi/4.4.1/thumb2\libgcc.a
LOAD c:/program files (x86)/cypress/psoc creator/2.2/psoc creator/import/gnu_cs/arm/4.4.1/bin/../lib/gcc/arm-none-eabi/4.4.1/../../../../arm-none-eabi/lib/thumb2\libc.a
END GROUP
LOAD c:/program files (x86)/cypress/psoc creator/2.2/psoc creator/import/gnu_cs/arm/4.4.1/bin/../lib/gcc/arm-none-eabi/4.4.1/thumb2/crtend.o
LOAD c:/program files (x86)/cypress/psoc creator/2.2/psoc creator/import/gnu_cs/arm/4.4.1/bin/../lib/gcc/arm-none-eabi/4.4.1/thumb2/crtn.o
START GROUP
LOAD c:/program files (x86)/cypress/psoc creator/2.2/psoc creator/import/gnu_cs/arm/4.4.1/bin/../lib/gcc/arm-none-eabi/4.4.1/thumb2\libgcc.a
LOAD c:/program files (x86)/cypress/psoc creator/2.2/psoc creator/import/gnu_cs/arm/4.4.1/bin/../lib/gcc/arm-none-eabi/4.4.1/../../../../arm-none-eabi/lib/thumb2\libc.a
LOAD c:/program files (x86)/cypress/psoc creator/2.2/psoc creator/import/gnu_cs/arm/4.4.1/bin/../lib/gcc/arm-none-eabi/4.4.1/../../../../arm-none-eabi/lib/thumb2\libcs3.a
LOAD c:/program files (x86)/cypress/psoc creator/2.2/psoc creator/import/gnu_cs/arm/4.4.1/bin/../lib/gcc/arm-none-eabi/4.4.1/../../../../arm-none-eabi/lib/thumb2\libcs3unhosted.a
LOAD c:/program files (x86)/cypress/psoc creator/2.2/psoc creator/import/gnu_cs/arm/4.4.1/bin/../lib/gcc/arm-none-eabi/4.4.1/../../../../arm-none-eabi/lib/thumb2\libcs3micro.a
END GROUP
                0x1fffcd28                PROVIDE (__cs3_heap_start, _end)
                0x00000001                PROVIDE (__cs3_region_num, ((__cs3_regions_end - __cs3_regions) / 0x14))
                0x20008000                PROVIDE (__cs3_stack, 0x20008000)
                0x20004000                PROVIDE (__cs3_heap_end, (__cs3_stack - 0x4000))

.text           0x00000000     0x1bbc
 CREATE_OBJECT_SYMBOLS
                0x00000000                __cs3_interrupt_vector = __cs3_interrupt_vector_micro
 *(.cs3.interrupt_vector)
 .cs3.interrupt_vector
                0x00000000       0xc0 c:/program files (x86)/cypress/psoc creator/2.2/psoc creator/import/gnu_cs/arm/4.4.1/bin/../lib/gcc/arm-none-eabi/4.4.1/../../../../arm-none-eabi/lib/thumb2\libcs3micro.a(micro-vector.o)
                0x00000000                __cs3_interrupt_vector_micro
                0x00000001                ASSERT ((. != __cs3_interrupt_vector_micro), No interrupt vector)
                0x000004e4                PROVIDE (__cs3_reset, Reset)
 *(.cs3.reset)
                0x00000001                ASSERT ((. != __cs3_reset), No reset code)
 *(.dma_init)
                0x00000001                ASSERT ((((0x0 + .) <= 0x10000) || 0x1), DMA Init must be within the first 64k of flash)
 *(.text.cs3.init)
 .text.cs3.init
                0x000000c0       0x5c c:/program files (x86)/cypress/psoc creator/2.2/psoc creator/import/gnu_cs/arm/4.4.1/bin/../lib/gcc/arm-none-eabi/4.4.1/../../../../arm-none-eabi/lib/thumb2\libcs3.a(start_c.o)
                0x000000c0                __cs3_start_c
 *(.text .text.* .gnu.linkonce.t.*)
 .text          0x0000011c       0x30 c:/program files (x86)/cypress/psoc creator/2.2/psoc creator/import/gnu_cs/arm/4.4.1/bin/../lib/gcc/arm-none-eabi/4.4.1/thumb2/crtbegin.o
 .text.initAvgs
                0x0000014c       0x64 .\CortexM3\ARM_GCC_441\Debug\main.o
                0x0000014c                initAvgs
 .text.main     0x000001b0       0xc4 .\CortexM3\ARM_GCC_441\Debug\main.o
                0x000001b0                main
 .text.storeAndCalculateAverages
                0x00000274      0x1a0 .\CortexM3\ARM_GCC_441\Debug\main.o
                0x00000274                storeAndCalculateAverages
 .text.sendValues
                0x00000414       0xd0 .\CortexM3\ARM_GCC_441\Debug\main.o
                0x00000414                sendValues
 .text.Reset    0x000004e4       0x24 .\CortexM3\ARM_GCC_441\Debug\Cm3Start.o
                0x000004e4                Reset
 .text.initialize_psoc
                0x00000508       0x9c .\CortexM3\ARM_GCC_441\Debug\Cm3Start.o
                0x00000508                initialize_psoc
 .text.UART_Start
                0x000005a4       0x2c .\CortexM3\ARM_GCC_441\Debug\UART.a(UART.o)
                0x000005a4                UART_Start
 .text.UART_Init
                0x000005d0       0x5c .\CortexM3\ARM_GCC_441\Debug\UART.a(UART.o)
                0x000005d0                UART_Init
 .text.UART_Enable
                0x0000062c       0x9c .\CortexM3\ARM_GCC_441\Debug\UART.a(UART.o)
                0x0000062c                UART_Enable
 .text.UART_EnableRxInt
                0x000006c8       0x18 .\CortexM3\ARM_GCC_441\Debug\UART.a(UART.o)
                0x000006c8                UART_EnableRxInt
 .text.UART_DisableRxInt
                0x000006e0       0x18 .\CortexM3\ARM_GCC_441\Debug\UART.a(UART.o)
                0x000006e0                UART_DisableRxInt
 .text.UART_ReadRxStatus
                0x000006f8       0x54 .\CortexM3\ARM_GCC_441\Debug\UART.a(UART.o)
                0x000006f8                UART_ReadRxStatus
 .text.UART_GetChar
                0x0000074c       0xfc .\CortexM3\ARM_GCC_441\Debug\UART.a(UART.o)
                0x0000074c                UART_GetChar
 .text.UART_ClearRxBuffer
                0x00000848       0x94 .\CortexM3\ARM_GCC_441\Debug\UART.a(UART.o)
                0x00000848                UART_ClearRxBuffer
 .text.UART_ReadTxStatus
                0x000008dc       0x18 .\CortexM3\ARM_GCC_441\Debug\UART.a(UART.o)
                0x000008dc                UART_ReadTxStatus
 .text.UART_PutChar
                0x000008f4       0x34 .\CortexM3\ARM_GCC_441\Debug\UART.a(UART.o)
                0x000008f4                UART_PutChar
 .text.UART_PutArray
                0x00000928       0x44 .\CortexM3\ARM_GCC_441\Debug\UART.a(UART.o)
                0x00000928                UART_PutArray
 .text.UART_ClearTxBuffer
                0x0000096c       0x54 .\CortexM3\ARM_GCC_441\Debug\UART.a(UART.o)
                0x0000096c                UART_ClearTxBuffer
 .text.UART_RXISR
                0x000009c0       0xf0 .\CortexM3\ARM_GCC_441\Debug\UART.a(UART_INT.o)
                0x000009c0                UART_RXISR
 .text.LCD_Char_1_Init
                0x00000ab0       0x90 .\CortexM3\ARM_GCC_441\Debug\UART.a(LCD_Char_1.o)
                0x00000ab0                LCD_Char_1_Init
 .text.LCD_Char_1_Enable
                0x00000b40       0x1c .\CortexM3\ARM_GCC_441\Debug\UART.a(LCD_Char_1.o)
                0x00000b40                LCD_Char_1_Enable
 .text.LCD_Char_1_Start
                0x00000b5c       0x2c .\CortexM3\ARM_GCC_441\Debug\UART.a(LCD_Char_1.o)
                0x00000b5c                LCD_Char_1_Start
 .text.LCD_Char_1_Position
                0x00000b88       0x74 .\CortexM3\ARM_GCC_441\Debug\UART.a(LCD_Char_1.o)
                0x00000b88                LCD_Char_1_Position
 .text.LCD_Char_1_PrintString
                0x00000bfc       0x40 .\CortexM3\ARM_GCC_441\Debug\UART.a(LCD_Char_1.o)
                0x00000bfc                LCD_Char_1_PrintString
 .text.LCD_Char_1_PutChar
                0x00000c3c       0x1c .\CortexM3\ARM_GCC_441\Debug\UART.a(LCD_Char_1.o)
                0x00000c3c                LCD_Char_1_PutChar
 .text.LCD_Char_1_WriteData
                0x00000c58       0x38 .\CortexM3\ARM_GCC_441\Debug\UART.a(LCD_Char_1.o)
                0x00000c58                LCD_Char_1_WriteData
 .text.LCD_Char_1_WriteControl
                0x00000c90       0x40 .\CortexM3\ARM_GCC_441\Debug\UART.a(LCD_Char_1.o)
                0x00000c90                LCD_Char_1_WriteControl
 .text.LCD_Char_1_IsReady
                0x00000cd0      0x1fc .\CortexM3\ARM_GCC_441\Debug\UART.a(LCD_Char_1.o)
                0x00000cd0                LCD_Char_1_IsReady
 .text.LCD_Char_1_WrDatNib
                0x00000ecc       0xac .\CortexM3\ARM_GCC_441\Debug\UART.a(LCD_Char_1.o)
                0x00000ecc                LCD_Char_1_WrDatNib
 .text.LCD_Char_1_WrCntrlNib
                0x00000f78       0x8c .\CortexM3\ARM_GCC_441\Debug\UART.a(LCD_Char_1.o)
                0x00000f78                LCD_Char_1_WrCntrlNib
 .text.LCD_Char_1_PrintDecUint16
                0x00001004      0x108 .\CortexM3\ARM_GCC_441\Debug\UART.a(LCD_Char_1.o)
                0x00001004                LCD_Char_1_PrintDecUint16
 *fill*         0x0000110c        0x4 00
 .text          0x00001110       0x20 .\CortexM3\ARM_GCC_441\Debug\UART.a(CyBootAsmGnu.o)
                0x00001110                CyDelayCycles
                0x00001120                CyEnterCriticalSection
                0x00001128                CyExitCriticalSection
 .text.CyHalt   0x00001130       0x18 .\CortexM3\ARM_GCC_441\Debug\UART.a(CyLib.o)
                0x00001130                CyHalt
 .text.CySoftwareReset
                0x00001148       0x18 .\CortexM3\ARM_GCC_441\Debug\UART.a(CyLib.o)
                0x00001148                CySoftwareReset
 .text.CyDelay  0x00001160       0x48 .\CortexM3\ARM_GCC_441\Debug\UART.a(CyLib.o)
                0x00001160                CyDelay
 .text.CyDelayUs
                0x000011a8       0x28 .\CortexM3\ARM_GCC_441\Debug\UART.a(CyLib.o)
                0x000011a8                CyDelayUs
 .text.CyIntSetVector
                0x000011d0       0x60 .\CortexM3\ARM_GCC_441\Debug\UART.a(CyLib.o)
                0x000011d0                CyIntSetVector
 .text.CyIntSetPriority
                0x00001230       0x4c .\CortexM3\ARM_GCC_441\Debug\UART.a(CyLib.o)
                0x00001230                CyIntSetPriority
 .text.CYMEMZERO8
                0x0000127c       0x3c .\CortexM3\ARM_GCC_441\Debug\UART.a(cyfitter_cfg.o)
 .text.CYCONFIGCPY8
                0x000012b8       0x48 .\CortexM3\ARM_GCC_441\Debug\UART.a(cyfitter_cfg.o)
 .text.CYMEMZERO
                0x00001300       0x20 .\CortexM3\ARM_GCC_441\Debug\UART.a(cyfitter_cfg.o)
 .text.CYCONFIGCPY
                0x00001320       0x20 .\CortexM3\ARM_GCC_441\Debug\UART.a(cyfitter_cfg.o)
 .text.cfg_write_bytes32
                0x00001340       0x84 .\CortexM3\ARM_GCC_441\Debug\UART.a(cyfitter_cfg.o)
 .text.ClockSetup
                0x000013c4      0x1c0 .\CortexM3\ARM_GCC_441\Debug\UART.a(cyfitter_cfg.o)
 .text.AnalogSetDefault
                0x00001584       0xb4 .\CortexM3\ARM_GCC_441\Debug\UART.a(cyfitter_cfg.o)
 .text.cyfitter_cfg
                0x00001638      0x29c .\CortexM3\ARM_GCC_441\Debug\UART.a(cyfitter_cfg.o)
                0x00001638                cyfitter_cfg
 .text          0x000018d4      0x190 c:/program files (x86)/cypress/psoc creator/2.2/psoc creator/import/gnu_cs/arm/4.4.1/bin/../lib/gcc/arm-none-eabi/4.4.1/../../../../arm-none-eabi/lib/thumb2\libc.a(lib_a-memcpy.o)
                0x000018d4                memcpy
 .text          0x00001a64       0xd4 c:/program files (x86)/cypress/psoc creator/2.2/psoc creator/import/gnu_cs/arm/4.4.1/bin/../lib/gcc/arm-none-eabi/4.4.1/../../../../arm-none-eabi/lib/thumb2\libc.a(lib_a-memset.o)
                0x00001a64                memset
 .text          0x00001b38       0x30 c:/program files (x86)/cypress/psoc creator/2.2/psoc creator/import/gnu_cs/arm/4.4.1/bin/../lib/gcc/arm-none-eabi/4.4.1/../../../../arm-none-eabi/lib/thumb2\libcs3.a(start_c.o)
                0x00001b38                __cs3_premain
 .text          0x00001b68        0x2 c:/program files (x86)/cypress/psoc creator/2.2/psoc creator/import/gnu_cs/arm/4.4.1/bin/../lib/gcc/arm-none-eabi/4.4.1/../../../../arm-none-eabi/lib/thumb2\libcs3micro.a(micro_isr_interrupt.o)
                0x00001b68                __cs3_isr_external_24
                0x00001b68                __cs3_isr_external_9
                0x00001b68                __cs3_isr_external_14
                0x00001b68                __cs3_isr_reserved_9
                0x00001b68                __cs3_isr_external_4
                0x00001b68                __cs3_isr_external_21
                0x00001b68                __cs3_isr_external_0
                0x00001b68                __cs3_isr_external_27
                0x00001b68                __cs3_isr_external_11
                0x00001b68                __cs3_isr_usage_fault
                0x00001b68                __cs3_isr_svcall
                0x00001b68                __cs3_isr_external_3
                0x00001b68                __cs3_isr_mpu_fault
                0x00001b68                __cs3_isr_external_16
                0x00001b68                __cs3_isr_pendsv
                0x00001b68                __cs3_isr_external_31
                0x00001b68                __cs3_isr_nmi
                0x00001b68                __cs3_isr_external_5
                0x00001b68                __cs3_isr_external_6
                0x00001b68                __cs3_isr_external_12
                0x00001b68                __cs3_isr_hard_fault
                0x00001b68                __cs3_isr_bus_fault
                0x00001b68                __cs3_isr_external_1
                0x00001b68                __cs3_isr_external_13
                0x00001b68                __cs3_isr_external_30
                0x00001b68                __cs3_isr_external_23
                0x00001b68                __cs3_isr_external_20
                0x00001b68                __cs3_isr_debug
                0x00001b68                __cs3_isr_reserved_13
                0x00001b68                __cs3_isr_external_8
                0x00001b68                __cs3_isr_external_26
                0x00001b68                __cs3_isr_reserved_8
                0x00001b68                __cs3_isr_reserved_7
                0x00001b68                __cs3_isr_external_7
                0x00001b68                __cs3_isr_external_28
                0x00001b68                __cs3_isr_systick
                0x00001b68                __cs3_isr_external_22
                0x00001b68                __cs3_isr_external_10
                0x00001b68                __cs3_isr_external_15
                0x00001b68                __cs3_isr_interrupt
                0x00001b68                __cs3_isr_external_18
                0x00001b68                __cs3_isr_external_29
                0x00001b68                __cs3_isr_external_25
                0x00001b68                __cs3_isr_reserved_10
                0x00001b68                __cs3_isr_external_2
                0x00001b68                __cs3_isr_external_17
                0x00001b68                __cs3_isr_external_19
 *fill*         0x00001b6a        0x2 00
 .text          0x00001b6c       0x50 c:/program files (x86)/cypress/psoc creator/2.2/psoc creator/import/gnu_cs/arm/4.4.1/bin/../lib/gcc/arm-none-eabi/4.4.1/../../../../arm-none-eabi/lib/thumb2\libc.a(lib_a-init.o)
                0x00001b6c                __libc_init_array
 *(.plt)
 *(.gnu.warning)
 *(.glue_7t)
 .glue_7t       0x00000000        0x0 linker stubs
 *(.glue_7)
 .glue_7        0x00000000        0x0 linker stubs
 *(.vfp11_veneer)
 .vfp11_veneer  0x00000000        0x0 linker stubs
 *(.bootloader)
 *(.ARM.extab* .gnu.linkonce.armextab.*)
 *(.gcc_except_table)

.v4_bx          0x00001bbc        0x0
 .v4_bx         0x00000000        0x0 linker stubs

.eh_frame_hdr
 *(.eh_frame_hdr)

.eh_frame
 *(.eh_frame)
                0x00001bbc                PROVIDE (__exidx_start, .)

.ARM.exidx
 *(.ARM.exidx* .gnu.linkonce.armexidx.*)
                0x00001bbc                __exidx_end = .

.rodata         0x00001bbc       0xa4
 *(.rodata .rodata.* .gnu.linkonce.r.*)
 .rodata        0x00001bbc       0x30 .\CortexM3\ARM_GCC_441\Debug\main.o
 .rodata        0x00001bec       0x38 .\CortexM3\ARM_GCC_441\Debug\UART.a(cyfitter_cfg.o)
                0x00001bec                ADC_DelSig_AMux__addrTable
                0x00001bf4                ADC_DelSig_AMux__maskTable
                0x00001c24                . = ALIGN (0x4)
 *(.init)
 .init          0x00001c24        0x4 c:/program files (x86)/cypress/psoc creator/2.2/psoc creator/import/gnu_cs/arm/4.4.1/bin/../lib/gcc/arm-none-eabi/4.4.1/thumb2/crti.o
                0x00001c24                _init
 .init          0x00001c28        0x8 c:/program files (x86)/cypress/psoc creator/2.2/psoc creator/import/gnu_cs/arm/4.4.1/bin/../lib/gcc/arm-none-eabi/4.4.1/thumb2/crtn.o
                0x00001c30                . = ALIGN (0x4)
                0x00001c30                __preinit_array_start = .
 *(.preinit_array)
                0x00001c30                __preinit_array_end = .
                0x00001c30                . = ALIGN (0x4)
                0x00001c30                __init_array_start = .
 *(SORT(.init_array.*))
 *(.init_array)
 .init_array    0x00001c30        0x4 c:/program files (x86)/cypress/psoc creator/2.2/psoc creator/import/gnu_cs/arm/4.4.1/bin/../lib/gcc/arm-none-eabi/4.4.1/thumb2/crtbegin.o
 .init_array    0x00001c34        0x4 .\CortexM3\ARM_GCC_441\Debug\Cm3Start.o
                0x00001c38                __init_array_end = .
                0x00001c38                . = ALIGN (0x4)
 *(.fini)
 .fini          0x00001c38        0x4 c:/program files (x86)/cypress/psoc creator/2.2/psoc creator/import/gnu_cs/arm/4.4.1/bin/../lib/gcc/arm-none-eabi/4.4.1/thumb2/crti.o
                0x00001c38                _fini
 .fini          0x00001c3c        0x8 c:/program files (x86)/cypress/psoc creator/2.2/psoc creator/import/gnu_cs/arm/4.4.1/bin/../lib/gcc/arm-none-eabi/4.4.1/thumb2/crtn.o
                0x00001c44                . = ALIGN (0x4)
                0x00001c44                __fini_array_start = .
 *(.fini_array)
 .fini_array    0x00001c44        0x4 c:/program files (x86)/cypress/psoc creator/2.2/psoc creator/import/gnu_cs/arm/4.4.1/bin/../lib/gcc/arm-none-eabi/4.4.1/thumb2/crtbegin.o
 *(SORT(.fini_array.*))
                0x00001c48                __fini_array_end = .
                0x00001c48                . = ALIGN (0x4)
 *crtbegin.o(.ctors)
 *(EXCLUDE_FILE(*crtend.o) .ctors)
 *(SORT(.ctors.*))
 *crtend.o(.ctors)
                0x00001c48                . = ALIGN (0x4)
 *crtbegin.o(.dtors)
 *(EXCLUDE_FILE(*crtend.o) .dtors)
 *(SORT(.dtors.*))
 *crtend.o(.dtors)
                0x00001c48                . = ALIGN (0x4)
                0x00001c48                __cs3_regions = .
                0x00001c48        0x4 LONG 0x0
                0x00001c4c        0x4 LONG 0x1c60 __cs3_region_init_ram
                0x00001c50        0x4 LONG 0x1fff8000 __cs3_region_start_ram
                0x00001c54        0x4 LONG 0x118 __cs3_region_init_size_ram
                0x00001c58        0x4 LONG 0x4c10 __cs3_region_zero_size_ram
                0x00001c5c                __cs3_regions_end = .
                0x00001c60                . = ALIGN (0x8)
 *fill*         0x00001c5c        0x4 00
                0x00001c60                _etext = .

.data           0x1fff8000      0x118 load address 0x00001c60
                0x1fff8000                __cs3_region_start_ram = .
 *(.cs3.region-head.ram)
                0x1fff8001                ASSERT ((. == __cs3_region_start_ram), .cs3.region-head.ram not permitted)
 *(.ramvectors)
 .ramvectors    0x1fff8000      0x100 .\CortexM3\ARM_GCC_441\Debug\Cm3Start.o
                0x1fff8000                CyRamVectors
 *(.jcr)
 .jcr           0x1fff8100        0x0 c:/program files (x86)/cypress/psoc creator/2.2/psoc creator/import/gnu_cs/arm/4.4.1/bin/../lib/gcc/arm-none-eabi/4.4.1/thumb2/crtbegin.o
 .jcr           0x1fff8100        0x4 c:/program files (x86)/cypress/psoc creator/2.2/psoc creator/import/gnu_cs/arm/4.4.1/bin/../lib/gcc/arm-none-eabi/4.4.1/thumb2/crtend.o
 *(.got.plt)
 *(.got)
 *(.shdata)
 *(.data .data.* .gnu.linkonce.d.*)
 .data          0x1fff8104       0x10 .\CortexM3\ARM_GCC_441\Debug\UART.a(CyLib.o)
                0x1fff8104                cydelay_freq_hz
                0x1fff8108                cydelay_freq_khz
                0x1fff810c                cydelay_freq_mhz
                0x1fff8110                cydelay_32k_ms
                0x1fff8118                . = ALIGN (0x8)
 *fill*         0x1fff8114        0x4 00
 *(.ram)
                0x1fff8118                _edata = .

.bss            0x1fff8118     0x4c10 load address 0x00001d78
 *(.shbss)
 *(.bss .bss.* .gnu.linkonce.b.*)
 .bss           0x1fff8118        0x1 c:/program files (x86)/cypress/psoc creator/2.2/psoc creator/import/gnu_cs/arm/4.4.1/bin/../lib/gcc/arm-none-eabi/4.4.1/thumb2/crtbegin.o
 *fill*         0x1fff8119        0x1 00
 .bss           0x1fff811a        0x8 .\CortexM3\ARM_GCC_441\Debug\UART.a(UART.o)
                0x1fff811a                UART_rxBufferRead
                0x1fff811c                UART_rxBufferWrite
                0x1fff811e                UART_rxBufferLoopDetect
                0x1fff811f                UART_rxBufferOverflow
                0x1fff8120                UART_initVar
 .bss           0x1fff8122        0x2 .\CortexM3\ARM_GCC_441\Debug\UART.a(LCD_Char_1.o)
                0x1fff8122                LCD_Char_1_enableState
                0x1fff8123                LCD_Char_1_initVar
 *(COMMON)
 COMMON         0x1fff8124      0x100 .\CortexM3\ARM_GCC_441\Debug\main.o
                0x1fff8124                averages
 COMMON         0x1fff8224     0x4b00 .\CortexM3\ARM_GCC_441\Debug\UART.a(UART.o)
                0x1fff8224                UART_rxBuffer
 COMMON         0x1fffcd24        0x1 .\CortexM3\ARM_GCC_441\Debug\UART.a(CyLib.o)
                0x1fffcd24                CyResetStatus
                0x1fffcd28                . = ALIGN (0x8)
 *fill*         0x1fffcd25        0x3 00
 *(.ram.b)
                0x1fffcd28                _end = .
                0x1fffcd28                __end = .
                0x20003000                __cs3_region_end_ram = (__cs3_region_start_ram + 0xb000)
                0x0000b000                __cs3_region_size_ram = 0xb000
                0x00001c60                __cs3_region_init_ram = LOADADDR (.data)
                0x00000118                __cs3_region_init_size_ram = (_edata - ADDR (.data))
                0x00004c10                __cs3_region_zero_size_ram = (_end - _edata)

.stab
 *(.stab)

.stabstr
 *(.stabstr)

.debug
 *(.debug)

.line
 *(.line)

.debug_srcinfo
 *(.debug_srcinfo)

.debug_sfnames
 *(.debug_sfnames)

.comment        0x00000000      0x1ae
 .comment       0x00000000       0x2b .\CortexM3\ARM_GCC_441\Debug\main.o
 .comment       0x0000002b       0x2b .\CortexM3\ARM_GCC_441\Debug\Cm3Start.o
 .comment       0x00000056       0x2b .\CortexM3\ARM_GCC_441\Debug\UART.a(UART.o)
 .comment       0x00000081       0x2b .\CortexM3\ARM_GCC_441\Debug\UART.a(UART_INT.o)
 .comment       0x000000ac       0x2b .\CortexM3\ARM_GCC_441\Debug\UART.a(LCD_Char_1.o)
 .comment       0x000000d7       0x2b .\CortexM3\ARM_GCC_441\Debug\UART.a(CyLib.o)
 .comment       0x00000102       0x2b .\CortexM3\ARM_GCC_441\Debug\UART.a(cyPm.o)
 .comment       0x0000012d       0x2b .\CortexM3\ARM_GCC_441\Debug\UART.a(cyfitter_cfg.o)
 .comment       0x00000158       0x2b .\CortexM3\ARM_GCC_441\Debug\UART.a(CyFlash.o)
 .comment       0x00000183       0x2b .\CortexM3\ARM_GCC_441\Debug\UART.a(CySpc.o)

.debug_aranges  0x00000000      0x620
 *(.debug_aranges)
 .debug_aranges
                0x00000000       0x38 .\CortexM3\ARM_GCC_441\Debug\main.o
 .debug_aranges
                0x00000038       0x30 .\CortexM3\ARM_GCC_441\Debug\Cm3Start.o
 .debug_aranges
                0x00000068      0x100 .\CortexM3\ARM_GCC_441\Debug\UART.a(UART.o)
 .debug_aranges
                0x00000168       0x20 .\CortexM3\ARM_GCC_441\Debug\UART.a(UART_INT.o)
 .debug_aranges
                0x00000188       0x90 .\CortexM3\ARM_GCC_441\Debug\UART.a(LCD_Char_1.o)
 .debug_aranges
                0x00000218       0x20 .\CortexM3\ARM_GCC_441\Debug\UART.a(CyBootAsmGnu.o)
 .debug_aranges
                0x00000238      0x1e0 .\CortexM3\ARM_GCC_441\Debug\UART.a(CyLib.o)
 .debug_aranges
                0x00000418       0xb8 .\CortexM3\ARM_GCC_441\Debug\UART.a(cyPm.o)
 .debug_aranges
                0x000004d0       0x80 .\CortexM3\ARM_GCC_441\Debug\UART.a(cyfitter_cfg.o)
 .debug_aranges
                0x00000550       0x68 .\CortexM3\ARM_GCC_441\Debug\UART.a(CyFlash.o)
 .debug_aranges
                0x000005b8       0x68 .\CortexM3\ARM_GCC_441\Debug\UART.a(CySpc.o)

.debug_pubnames
                0x00000000      0xd7e
 *(.debug_pubnames)
 .debug_pubnames
                0x00000000       0x62 .\CortexM3\ARM_GCC_441\Debug\main.o
 .debug_pubnames
                0x00000062       0x57 .\CortexM3\ARM_GCC_441\Debug\Cm3Start.o
 .debug_pubnames
                0x000000b9      0x304 .\CortexM3\ARM_GCC_441\Debug\UART.a(UART.o)
 .debug_pubnames
                0x000003bd       0x21 .\CortexM3\ARM_GCC_441\Debug\UART.a(UART_INT.o)
 .debug_pubnames
                0x000003de      0x1cb .\CortexM3\ARM_GCC_441\Debug\UART.a(LCD_Char_1.o)
 .debug_pubnames
                0x000005a9      0x4be .\CortexM3\ARM_GCC_441\Debug\UART.a(CyLib.o)
 .debug_pubnames
                0x00000a67       0xbb .\CortexM3\ARM_GCC_441\Debug\UART.a(cyPm.o)
 .debug_pubnames
                0x00000b22       0xad .\CortexM3\ARM_GCC_441\Debug\UART.a(cyfitter_cfg.o)
 .debug_pubnames
                0x00000bcf       0xdf .\CortexM3\ARM_GCC_441\Debug\UART.a(CyFlash.o)
 .debug_pubnames
                0x00000cae       0xd0 .\CortexM3\ARM_GCC_441\Debug\UART.a(CySpc.o)

.debug_info     0x00000000     0x2c07
 *(.debug_info .gnu.linkonce.wi.*)
 .debug_info    0x00000000      0x1b5 .\CortexM3\ARM_GCC_441\Debug\main.o
 .debug_info    0x000001b5      0x13e .\CortexM3\ARM_GCC_441\Debug\Cm3Start.o
 .debug_info    0x000002f3      0x5cf .\CortexM3\ARM_GCC_441\Debug\UART.a(UART.o)
 .debug_info    0x000008c2      0x12f .\CortexM3\ARM_GCC_441\Debug\UART.a(UART_INT.o)
 .debug_info    0x000009f1      0x3ac .\CortexM3\ARM_GCC_441\Debug\UART.a(LCD_Char_1.o)
 .debug_info    0x00000d9d       0x84 .\CortexM3\ARM_GCC_441\Debug\UART.a(CyBootAsmGnu.o)
 .debug_info    0x00000e21      0xbce .\CortexM3\ARM_GCC_441\Debug\UART.a(CyLib.o)
 .debug_info    0x000019ef      0x63e .\CortexM3\ARM_GCC_441\Debug\UART.a(cyPm.o)
 .debug_info    0x0000202d      0x526 .\CortexM3\ARM_GCC_441\Debug\UART.a(cyfitter_cfg.o)
 .debug_info    0x00002553      0x308 .\CortexM3\ARM_GCC_441\Debug\UART.a(CyFlash.o)
 .debug_info    0x0000285b      0x3ac .\CortexM3\ARM_GCC_441\Debug\UART.a(CySpc.o)

.debug_abbrev   0x00000000      0xb09
 *(.debug_abbrev)
 .debug_abbrev  0x00000000       0xb0 .\CortexM3\ARM_GCC_441\Debug\main.o
 .debug_abbrev  0x000000b0       0xd6 .\CortexM3\ARM_GCC_441\Debug\Cm3Start.o
 .debug_abbrev  0x00000186      0x133 .\CortexM3\ARM_GCC_441\Debug\UART.a(UART.o)
 .debug_abbrev  0x000002b9       0x8e .\CortexM3\ARM_GCC_441\Debug\UART.a(UART_INT.o)
 .debug_abbrev  0x00000347      0x103 .\CortexM3\ARM_GCC_441\Debug\UART.a(LCD_Char_1.o)
 .debug_abbrev  0x0000044a       0x14 .\CortexM3\ARM_GCC_441\Debug\UART.a(CyBootAsmGnu.o)
 .debug_abbrev  0x0000045e      0x182 .\CortexM3\ARM_GCC_441\Debug\UART.a(CyLib.o)
 .debug_abbrev  0x000005e0      0x13e .\CortexM3\ARM_GCC_441\Debug\UART.a(cyPm.o)
 .debug_abbrev  0x0000071e      0x193 .\CortexM3\ARM_GCC_441\Debug\UART.a(cyfitter_cfg.o)
 .debug_abbrev  0x000008b1      0x14a .\CortexM3\ARM_GCC_441\Debug\UART.a(CyFlash.o)
 .debug_abbrev  0x000009fb      0x10e .\CortexM3\ARM_GCC_441\Debug\UART.a(CySpc.o)

.debug_line     0x00000000     0x1699
 *(.debug_line)
 .debug_line    0x00000000       0xfe .\CortexM3\ARM_GCC_441\Debug\main.o
 .debug_line    0x000000fe       0xb4 .\CortexM3\ARM_GCC_441\Debug\Cm3Start.o
 .debug_line    0x000001b2      0x311 .\CortexM3\ARM_GCC_441\Debug\UART.a(UART.o)
 .debug_line    0x000004c3       0x98 .\CortexM3\ARM_GCC_441\Debug\UART.a(UART_INT.o)
 .debug_line    0x0000055b      0x1de .\CortexM3\ARM_GCC_441\Debug\UART.a(LCD_Char_1.o)
 .debug_line    0x00000739       0x67 .\CortexM3\ARM_GCC_441\Debug\UART.a(CyBootAsmGnu.o)
 .debug_line    0x000007a0      0x5c7 .\CortexM3\ARM_GCC_441\Debug\UART.a(CyLib.o)
 .debug_line    0x00000d67      0x3f4 .\CortexM3\ARM_GCC_441\Debug\UART.a(cyPm.o)
 .debug_line    0x0000115b      0x248 .\CortexM3\ARM_GCC_441\Debug\UART.a(cyfitter_cfg.o)
 .debug_line    0x000013a3      0x170 .\CortexM3\ARM_GCC_441\Debug\UART.a(CyFlash.o)
 .debug_line    0x00001513      0x186 .\CortexM3\ARM_GCC_441\Debug\UART.a(CySpc.o)

.debug_frame    0x00000000     0x1450
 *(.debug_frame)
 .debug_frame   0x00000000       0x8c .\CortexM3\ARM_GCC_441\Debug\main.o
 .debug_frame   0x0000008c       0x5c .\CortexM3\ARM_GCC_441\Debug\Cm3Start.o
 .debug_frame   0x000000e8      0x370 .\CortexM3\ARM_GCC_441\Debug\UART.a(UART.o)
 .debug_frame   0x00000458       0x2c .\CortexM3\ARM_GCC_441\Debug\UART.a(UART_INT.o)
 .debug_frame   0x00000484      0x1e0 .\CortexM3\ARM_GCC_441\Debug\UART.a(LCD_Char_1.o)
 .debug_frame   0x00000664      0x6b8 .\CortexM3\ARM_GCC_441\Debug\UART.a(CyLib.o)
 .debug_frame   0x00000d1c      0x25c .\CortexM3\ARM_GCC_441\Debug\UART.a(cyPm.o)
 .debug_frame   0x00000f78      0x194 .\CortexM3\ARM_GCC_441\Debug\UART.a(cyfitter_cfg.o)
 .debug_frame   0x0000110c      0x140 .\CortexM3\ARM_GCC_441\Debug\UART.a(CyFlash.o)
 .debug_frame   0x0000124c      0x13c .\CortexM3\ARM_GCC_441\Debug\UART.a(CySpc.o)
 .debug_frame   0x00001388       0x34 c:/program files (x86)/cypress/psoc creator/2.2/psoc creator/import/gnu_cs/arm/4.4.1/bin/../lib/gcc/arm-none-eabi/4.4.1/../../../../arm-none-eabi/lib/thumb2\libc.a(lib_a-memcpy.o)
 .debug_frame   0x000013bc       0x28 c:/program files (x86)/cypress/psoc creator/2.2/psoc creator/import/gnu_cs/arm/4.4.1/bin/../lib/gcc/arm-none-eabi/4.4.1/../../../../arm-none-eabi/lib/thumb2\libc.a(lib_a-memset.o)
 .debug_frame   0x000013e4       0x40 c:/program files (x86)/cypress/psoc creator/2.2/psoc creator/import/gnu_cs/arm/4.4.1/bin/../lib/gcc/arm-none-eabi/4.4.1/../../../../arm-none-eabi/lib/thumb2\libcs3.a(start_c.o)
 .debug_frame   0x00001424       0x2c c:/program files (x86)/cypress/psoc creator/2.2/psoc creator/import/gnu_cs/arm/4.4.1/bin/../lib/gcc/arm-none-eabi/4.4.1/../../../../arm-none-eabi/lib/thumb2\libc.a(lib_a-init.o)

.debug_str      0x00000000     0x1425
 *(.debug_str)
 .debug_str     0x00000000      0x10f .\CortexM3\ARM_GCC_441\Debug\main.o
                                0x148 (size before relaxing)
 .debug_str     0x0000010f       0x8c .\CortexM3\ARM_GCC_441\Debug\Cm3Start.o
                                0x16d (size before relaxing)
 .debug_str     0x0000019b      0x304 .\CortexM3\ARM_GCC_441\Debug\UART.a(UART.o)
                                0x3ee (size before relaxing)
 .debug_str     0x0000049f       0x4a .\CortexM3\ARM_GCC_441\Debug\UART.a(UART_INT.o)
                                0x18d (size before relaxing)
 .debug_str     0x000004e9      0x1f3 .\CortexM3\ARM_GCC_441\Debug\UART.a(LCD_Char_1.o)
                                0x2dc (size before relaxing)
 .debug_str     0x000006dc      0x5b3 .\CortexM3\ARM_GCC_441\Debug\UART.a(CyLib.o)
                                0x6d5 (size before relaxing)
 .debug_str     0x00000c8f      0x3bd .\CortexM3\ARM_GCC_441\Debug\UART.a(cyPm.o)
                                0x4b3 (size before relaxing)
 .debug_str     0x0000104c      0x1c1 .\CortexM3\ARM_GCC_441\Debug\UART.a(cyfitter_cfg.o)
                                0x2cb (size before relaxing)
 .debug_str     0x0000120d      0x113 .\CortexM3\ARM_GCC_441\Debug\UART.a(CyFlash.o)
                                0x227 (size before relaxing)
 .debug_str     0x00001320      0x105 .\CortexM3\ARM_GCC_441\Debug\UART.a(CySpc.o)
                                0x21a (size before relaxing)

.debug_loc      0x00000000     0x2059
 *(.debug_loc)
 .debug_loc     0x00000000       0xde .\CortexM3\ARM_GCC_441\Debug\main.o
 .debug_loc     0x000000de       0x62 .\CortexM3\ARM_GCC_441\Debug\Cm3Start.o
 .debug_loc     0x00000140      0x5e7 .\CortexM3\ARM_GCC_441\Debug\UART.a(UART.o)
 .debug_loc     0x00000727       0x37 .\CortexM3\ARM_GCC_441\Debug\UART.a(UART_INT.o)
 .debug_loc     0x0000075e      0x309 .\CortexM3\ARM_GCC_441\Debug\UART.a(LCD_Char_1.o)
 .debug_loc     0x00000a67      0xb67 .\CortexM3\ARM_GCC_441\Debug\UART.a(CyLib.o)
 .debug_loc     0x000015ce      0x3b0 .\CortexM3\ARM_GCC_441\Debug\UART.a(cyPm.o)
 .debug_loc     0x0000197e      0x2bf .\CortexM3\ARM_GCC_441\Debug\UART.a(cyfitter_cfg.o)
 .debug_loc     0x00001c3d      0x1f6 .\CortexM3\ARM_GCC_441\Debug\UART.a(CyFlash.o)
 .debug_loc     0x00001e33      0x226 .\CortexM3\ARM_GCC_441\Debug\UART.a(CySpc.o)

.debug_macinfo
 *(.debug_macinfo)

.debug_ranges   0x00000000      0x5b0
 *(.debug_ranges)
 .debug_ranges  0x00000000       0x30 .\CortexM3\ARM_GCC_441\Debug\main.o
 .debug_ranges  0x00000030       0x28 .\CortexM3\ARM_GCC_441\Debug\Cm3Start.o
 .debug_ranges  0x00000058       0xf8 .\CortexM3\ARM_GCC_441\Debug\UART.a(UART.o)
 .debug_ranges  0x00000150       0x18 .\CortexM3\ARM_GCC_441\Debug\UART.a(UART_INT.o)
 .debug_ranges  0x00000168       0x88 .\CortexM3\ARM_GCC_441\Debug\UART.a(LCD_Char_1.o)
 .debug_ranges  0x000001f0      0x1d8 .\CortexM3\ARM_GCC_441\Debug\UART.a(CyLib.o)
 .debug_ranges  0x000003c8       0xb0 .\CortexM3\ARM_GCC_441\Debug\UART.a(cyPm.o)
 .debug_ranges  0x00000478       0x78 .\CortexM3\ARM_GCC_441\Debug\UART.a(cyfitter_cfg.o)
 .debug_ranges  0x000004f0       0x60 .\CortexM3\ARM_GCC_441\Debug\UART.a(CyFlash.o)
 .debug_ranges  0x00000550       0x60 .\CortexM3\ARM_GCC_441\Debug\UART.a(CySpc.o)

.debug_weaknames
 *(.debug_weaknames)

.debug_funcnames
 *(.debug_funcnames)

.debug_typenames
 *(.debug_typenames)

.debug_varnames
 *(.debug_varnames)

.note.gnu.arm.ident
 *(.note.gnu.arm.ident)

.ARM.attributes
                0x00000000       0x25
 *(.ARM.attributes)
 .ARM.attributes
                0x00000000       0x19 c:/program files (x86)/cypress/psoc creator/2.2/psoc creator/import/gnu_cs/arm/4.4.1/bin/../lib/gcc/arm-none-eabi/4.4.1/thumb2/crti.o
 .ARM.attributes
                0x00000019       0x29 c:/program files (x86)/cypress/psoc creator/2.2/psoc creator/import/gnu_cs/arm/4.4.1/bin/../lib/gcc/arm-none-eabi/4.4.1/thumb2/crtbegin.o
 .ARM.attributes
                0x00000042       0x31 .\CortexM3\ARM_GCC_441\Debug\main.o
 .ARM.attributes
                0x00000073       0x31 .\CortexM3\ARM_GCC_441\Debug\Cm3Start.o
 .ARM.attributes
                0x000000a4       0x31 .\CortexM3\ARM_GCC_441\Debug\UART.a(UART.o)
 .ARM.attributes
                0x000000d5       0x31 .\CortexM3\ARM_GCC_441\Debug\UART.a(UART_INT.o)
 .ARM.attributes
                0x00000106       0x31 .\CortexM3\ARM_GCC_441\Debug\UART.a(LCD_Char_1.o)
 .ARM.attributes
                0x00000137       0x21 .\CortexM3\ARM_GCC_441\Debug\UART.a(CyBootAsmGnu.o)
 .ARM.attributes
                0x00000158       0x31 .\CortexM3\ARM_GCC_441\Debug\UART.a(CyLib.o)
 .ARM.attributes
                0x00000189       0x31 .\CortexM3\ARM_GCC_441\Debug\UART.a(cyPm.o)
 .ARM.attributes
                0x000001ba       0x31 .\CortexM3\ARM_GCC_441\Debug\UART.a(cyfitter_cfg.o)
 .ARM.attributes
                0x000001eb       0x31 .\CortexM3\ARM_GCC_441\Debug\UART.a(CyFlash.o)
 .ARM.attributes
                0x0000021c       0x31 .\CortexM3\ARM_GCC_441\Debug\UART.a(CySpc.o)
 .ARM.attributes
                0x0000024d       0x29 c:/program files (x86)/cypress/psoc creator/2.2/psoc creator/import/gnu_cs/arm/4.4.1/bin/../lib/gcc/arm-none-eabi/4.4.1/../../../../arm-none-eabi/lib/thumb2\libc.a(lib_a-memcpy.o)
 .ARM.attributes
                0x00000276       0x29 c:/program files (x86)/cypress/psoc creator/2.2/psoc creator/import/gnu_cs/arm/4.4.1/bin/../lib/gcc/arm-none-eabi/4.4.1/../../../../arm-none-eabi/lib/thumb2\libc.a(lib_a-memset.o)
 .ARM.attributes
                0x0000029f       0x29 c:/program files (x86)/cypress/psoc creator/2.2/psoc creator/import/gnu_cs/arm/4.4.1/bin/../lib/gcc/arm-none-eabi/4.4.1/thumb2/crtend.o
 .ARM.attributes
                0x000002c8       0x19 c:/program files (x86)/cypress/psoc creator/2.2/psoc creator/import/gnu_cs/arm/4.4.1/bin/../lib/gcc/arm-none-eabi/4.4.1/thumb2/crtn.o
 .ARM.attributes
                0x000002e1       0x29 c:/program files (x86)/cypress/psoc creator/2.2/psoc creator/import/gnu_cs/arm/4.4.1/bin/../lib/gcc/arm-none-eabi/4.4.1/../../../../arm-none-eabi/lib/thumb2\libcs3.a(start_c.o)
 .ARM.attributes
                0x0000030a       0x19 c:/program files (x86)/cypress/psoc creator/2.2/psoc creator/import/gnu_cs/arm/4.4.1/bin/../lib/gcc/arm-none-eabi/4.4.1/../../../../arm-none-eabi/lib/thumb2\libcs3micro.a(micro-vector.o)
 .ARM.attributes
                0x00000323       0x19 c:/program files (x86)/cypress/psoc creator/2.2/psoc creator/import/gnu_cs/arm/4.4.1/bin/../lib/gcc/arm-none-eabi/4.4.1/../../../../arm-none-eabi/lib/thumb2\libcs3micro.a(micro_isr_interrupt.o)
 .ARM.attributes
                0x0000033c       0x29 c:/program files (x86)/cypress/psoc creator/2.2/psoc creator/import/gnu_cs/arm/4.4.1/bin/../lib/gcc/arm-none-eabi/4.4.1/../../../../arm-none-eabi/lib/thumb2\libc.a(lib_a-init.o)

/DISCARD/
 *(.note.GNU-stack)
OUTPUT(.\CortexM3\ARM_GCC_441\Debug\UART.elf elf32-littlearm)
